Archive member included to satisfy reference by file (symbol)

/Applications/STM32CubeIDE.app/Contents/Eclipse/plugins/com.st.stm32cube.ide.mcu.externaltools.gnu-tools-for-stm32.7-2018-q2-update.macos64_1.4.0.202007081208/tools/bin/../lib/gcc/arm-none-eabi/7.3.1/../../../../arm-none-eabi/lib/thumb/v7-m/libstdc++_nano.a(pure.o)
                              Core/Src/Print.o (__cxa_pure_virtual)
/Applications/STM32CubeIDE.app/Contents/Eclipse/plugins/com.st.stm32cube.ide.mcu.externaltools.gnu-tools-for-stm32.7-2018-q2-update.macos64_1.4.0.202007081208/tools/bin/../lib/gcc/arm-none-eabi/7.3.1/../../../../arm-none-eabi/lib/thumb/v7-m/libstdc++_nano.a(eh_terminate.o)
                              /Applications/STM32CubeIDE.app/Contents/Eclipse/plugins/com.st.stm32cube.ide.mcu.externaltools.gnu-tools-for-stm32.7-2018-q2-update.macos64_1.4.0.202007081208/tools/bin/../lib/gcc/arm-none-eabi/7.3.1/../../../../arm-none-eabi/lib/thumb/v7-m/libstdc++_nano.a(pure.o) (std::terminate())
/Applications/STM32CubeIDE.app/Contents/Eclipse/plugins/com.st.stm32cube.ide.mcu.externaltools.gnu-tools-for-stm32.7-2018-q2-update.macos64_1.4.0.202007081208/tools/bin/../lib/gcc/arm-none-eabi/7.3.1/../../../../arm-none-eabi/lib/thumb/v7-m/libstdc++_nano.a(eh_unex_handler.o)
                              /Applications/STM32CubeIDE.app/Contents/Eclipse/plugins/com.st.stm32cube.ide.mcu.externaltools.gnu-tools-for-stm32.7-2018-q2-update.macos64_1.4.0.202007081208/tools/bin/../lib/gcc/arm-none-eabi/7.3.1/../../../../arm-none-eabi/lib/thumb/v7-m/libstdc++_nano.a(eh_terminate.o) (__cxxabiv1::__unexpected_handler)
/Applications/STM32CubeIDE.app/Contents/Eclipse/plugins/com.st.stm32cube.ide.mcu.externaltools.gnu-tools-for-stm32.7-2018-q2-update.macos64_1.4.0.202007081208/tools/bin/../lib/gcc/arm-none-eabi/7.3.1/../../../../arm-none-eabi/lib/thumb/v7-m/libstdc++_nano.a(eh_term_handler.o)
                              /Applications/STM32CubeIDE.app/Contents/Eclipse/plugins/com.st.stm32cube.ide.mcu.externaltools.gnu-tools-for-stm32.7-2018-q2-update.macos64_1.4.0.202007081208/tools/bin/../lib/gcc/arm-none-eabi/7.3.1/../../../../arm-none-eabi/lib/thumb/v7-m/libstdc++_nano.a(eh_terminate.o) (__cxxabiv1::__terminate_handler)
/Applications/STM32CubeIDE.app/Contents/Eclipse/plugins/com.st.stm32cube.ide.mcu.externaltools.gnu-tools-for-stm32.7-2018-q2-update.macos64_1.4.0.202007081208/tools/bin/../lib/gcc/arm-none-eabi/7.3.1/../../../../arm-none-eabi/lib/thumb/v7-m/libc_nano.a(lib_a-abort.o)
                              /Applications/STM32CubeIDE.app/Contents/Eclipse/plugins/com.st.stm32cube.ide.mcu.externaltools.gnu-tools-for-stm32.7-2018-q2-update.macos64_1.4.0.202007081208/tools/bin/../lib/gcc/arm-none-eabi/7.3.1/../../../../arm-none-eabi/lib/thumb/v7-m/libstdc++_nano.a(eh_terminate.o) (abort)
/Applications/STM32CubeIDE.app/Contents/Eclipse/plugins/com.st.stm32cube.ide.mcu.externaltools.gnu-tools-for-stm32.7-2018-q2-update.macos64_1.4.0.202007081208/tools/bin/../lib/gcc/arm-none-eabi/7.3.1/../../../../arm-none-eabi/lib/thumb/v7-m/libc_nano.a(lib_a-errno.o)
                              Core/Src/syscalls.o (__errno)
/Applications/STM32CubeIDE.app/Contents/Eclipse/plugins/com.st.stm32cube.ide.mcu.externaltools.gnu-tools-for-stm32.7-2018-q2-update.macos64_1.4.0.202007081208/tools/bin/../lib/gcc/arm-none-eabi/7.3.1/../../../../arm-none-eabi/lib/thumb/v7-m/libc_nano.a(lib_a-exit.o)
                              /Applications/STM32CubeIDE.app/Contents/Eclipse/plugins/com.st.stm32cube.ide.mcu.externaltools.gnu-tools-for-stm32.7-2018-q2-update.macos64_1.4.0.202007081208/tools/bin/../lib/gcc/arm-none-eabi/7.3.1/../../../../arm-none-eabi/lib/thumb/v7-m/crt0.o (exit)
/Applications/STM32CubeIDE.app/Contents/Eclipse/plugins/com.st.stm32cube.ide.mcu.externaltools.gnu-tools-for-stm32.7-2018-q2-update.macos64_1.4.0.202007081208/tools/bin/../lib/gcc/arm-none-eabi/7.3.1/../../../../arm-none-eabi/lib/thumb/v7-m/libc_nano.a(lib_a-impure.o)
                              /Applications/STM32CubeIDE.app/Contents/Eclipse/plugins/com.st.stm32cube.ide.mcu.externaltools.gnu-tools-for-stm32.7-2018-q2-update.macos64_1.4.0.202007081208/tools/bin/../lib/gcc/arm-none-eabi/7.3.1/../../../../arm-none-eabi/lib/thumb/v7-m/libc_nano.a(lib_a-exit.o) (_global_impure_ptr)
/Applications/STM32CubeIDE.app/Contents/Eclipse/plugins/com.st.stm32cube.ide.mcu.externaltools.gnu-tools-for-stm32.7-2018-q2-update.macos64_1.4.0.202007081208/tools/bin/../lib/gcc/arm-none-eabi/7.3.1/../../../../arm-none-eabi/lib/thumb/v7-m/libc_nano.a(lib_a-init.o)
                              /Applications/STM32CubeIDE.app/Contents/Eclipse/plugins/com.st.stm32cube.ide.mcu.externaltools.gnu-tools-for-stm32.7-2018-q2-update.macos64_1.4.0.202007081208/tools/bin/../lib/gcc/arm-none-eabi/7.3.1/../../../../arm-none-eabi/lib/thumb/v7-m/crt0.o (__libc_init_array)
[...]
Memory Configuration

Name             Origin             Length             Attributes
RAM              0x0000000020000000 0x0000000000005000 xrw
FLASH            0x0000000008000000 0x0000000000010000 xr
*default*        0x0000000000000000 0xffffffffffffffff

Linker script and memory map

LOAD /Applications/STM32CubeIDE.app/Contents/Eclipse/plugins/com.st.stm32cube.ide.mcu.externaltools.gnu-tools-for-stm32.7-2018-q2-update.macos64_1.4.0.202007081208/tools/bin/../lib/gcc/arm-none-eabi/7.3.1/thumb/v7-m/crti.o
LOAD /Applications/STM32CubeIDE.app/Contents/Eclipse/plugins/com.st.stm32cube.ide.mcu.externaltools.gnu-tools-for-stm32.7-2018-q2-update.macos64_1.4.0.202007081208/tools/bin/../lib/gcc/arm-none-eabi/7.3.1/thumb/v7-m/crtbegin.o
LOAD /Applications/STM32CubeIDE.app/Contents/Eclipse/plugins/com.st.stm32cube.ide.mcu.externaltools.gnu-tools-for-stm32.7-2018-q2-update.macos64_1.4.0.202007081208/tools/bin/../lib/gcc/arm-none-eabi/7.3.1/../../../../arm-none-eabi/lib/thumb/v7-m/crt0.o
LOAD Core/Src/DS18B20.o
LOAD Core/Src/OneWire.o
LOAD Core/Src/Print.o
LOAD Core/Src/main.o
LOAD Core/Src/stm32f1xx_hal_msp.o
LOAD Core/Src/stm32f1xx_it.o
LOAD Core/Src/syscalls.o
LOAD Core/Src/sysmem.o
LOAD Core/Src/system_stm32f1xx.o
LOAD Core/Startup/startup_stm32f103c8tx.o
LOAD Drivers/STM32F1xx_HAL_Driver/Src/stm32f1xx_hal.o
LOAD Drivers/STM32F1xx_HAL_Driver/Src/stm32f1xx_hal_cortex.o
LOAD Drivers/STM32F1xx_HAL_Driver/Src/stm32f1xx_hal_dma.o
LOAD Drivers/STM32F1xx_HAL_Driver/Src/stm32f1xx_hal_exti.o
LOAD Drivers/STM32F1xx_HAL_Driver/Src/stm32f1xx_hal_flash.o
LOAD Drivers/STM32F1xx_HAL_Driver/Src/stm32f1xx_hal_flash_ex.o
LOAD Drivers/STM32F1xx_HAL_Driver/Src/stm32f1xx_hal_gpio.o
LOAD Drivers/STM32F1xx_HAL_Driver/Src/stm32f1xx_hal_gpio_ex.o
LOAD Drivers/STM32F1xx_HAL_Driver/Src/stm32f1xx_hal_pcd.o
LOAD Drivers/STM32F1xx_HAL_Driver/Src/stm32f1xx_hal_pcd_ex.o
LOAD Drivers/STM32F1xx_HAL_Driver/Src/stm32f1xx_hal_pwr.o
LOAD Drivers/STM32F1xx_HAL_Driver/Src/stm32f1xx_hal_rcc.o
LOAD Drivers/STM32F1xx_HAL_Driver/Src/stm32f1xx_hal_rcc_ex.o
LOAD Drivers/STM32F1xx_HAL_Driver/Src/stm32f1xx_hal_tim.o
LOAD Drivers/STM32F1xx_HAL_Driver/Src/stm32f1xx_hal_tim_ex.o
LOAD Drivers/STM32F1xx_HAL_Driver/Src/stm32f1xx_ll_usb.o
LOAD Middlewares/ST/STM32_USB_Device_Library/Class/CDC/Src/usbd_cdc.o
LOAD Middlewares/ST/STM32_USB_Device_Library/Core/Src/usbd_core.o
LOAD Middlewares/ST/STM32_USB_Device_Library/Core/Src/usbd_ctlreq.o
LOAD Middlewares/ST/STM32_USB_Device_Library/Core/Src/usbd_ioreq.o
LOAD USB_DEVICE/App/usb_device.o
LOAD USB_DEVICE/App/usbd_cdc_if.o
LOAD USB_DEVICE/App/usbd_desc.o
LOAD USB_DEVICE/Target/usbd_conf.o
START GROUP
LOAD /Applications/STM32CubeIDE.app/Contents/Eclipse/plugins/com.st.stm32cube.ide.mcu.externaltools.gnu-tools-for-stm32.7-2018-q2-update.macos64_1.4.0.202007081208/tools/bin/../lib/gcc/arm-none-eabi/7.3.1/../../../../arm-none-eabi/lib/thumb/v7-m/libstdc++_nano.a
LOAD /Applications/STM32CubeIDE.app/Contents/Eclipse/plugins/com.st.stm32cube.ide.mcu.externaltools.gnu-tools-for-stm32.7-2018-q2-update.macos64_1.4.0.202007081208/tools/bin/../lib/gcc/arm-none-eabi/7.3.1/../../../../arm-none-eabi/lib/thumb/v7-m/libsupc++_nano.a
END GROUP
LOAD /Applications/STM32CubeIDE.app/Contents/Eclipse/plugins/com.st.stm32cube.ide.mcu.externaltools.gnu-tools-for-stm32.7-2018-q2-update.macos64_1.4.0.202007081208/tools/bin/../lib/gcc/arm-none-eabi/7.3.1/../../../../arm-none-eabi/lib/thumb/v7-m/libstdc++_nano.a
LOAD /Applications/STM32CubeIDE.app/Contents/Eclipse/plugins/com.st.stm32cube.ide.mcu.externaltools.gnu-tools-for-stm32.7-2018-q2-update.macos64_1.4.0.202007081208/tools/bin/../lib/gcc/arm-none-eabi/7.3.1/../../../../arm-none-eabi/lib/thumb/v7-m/libm.a
LOAD /Applications/STM32CubeIDE.app/Contents/Eclipse/plugins/com.st.stm32cube.ide.mcu.externaltools.gnu-tools-for-stm32.7-2018-q2-update.macos64_1.4.0.202007081208/tools/bin/../lib/gcc/arm-none-eabi/7.3.1/../../../../arm-none-eabi/lib/thumb/v7-m/libc_nano.a
START GROUP
LOAD /Applications/STM32CubeIDE.app/Contents/Eclipse/plugins/com.st.stm32cube.ide.mcu.externaltools.gnu-tools-for-stm32.7-2018-q2-update.macos64_1.4.0.202007081208/tools/bin/../lib/gcc/arm-none-eabi/7.3.1/thumb/v7-m/libgcc.a
LOAD /Applications/STM32CubeIDE.app/Contents/Eclipse/plugins/com.st.stm32cube.ide.mcu.externaltools.gnu-tools-for-stm32.7-2018-q2-update.macos64_1.4.0.202007081208/tools/bin/../lib/gcc/arm-none-eabi/7.3.1/../../../../arm-none-eabi/lib/thumb/v7-m/libc_nano.a
END GROUP
START GROUP
LOAD /Applications/STM32CubeIDE.app/Contents/Eclipse/plugins/com.st.stm32cube.ide.mcu.externaltools.gnu-tools-for-stm32.7-2018-q2-update.macos64_1.4.0.202007081208/tools/bin/../lib/gcc/arm-none-eabi/7.3.1/thumb/v7-m/libgcc.a
LOAD /Applications/STM32CubeIDE.app/Contents/Eclipse/plugins/com.st.stm32cube.ide.mcu.externaltools.gnu-tools-for-stm32.7-2018-q2-update.macos64_1.4.0.202007081208/tools/bin/../lib/gcc/arm-none-eabi/7.3.1/../../../../arm-none-eabi/lib/thumb/v7-m/libc_nano.a
LOAD /Applications/STM32CubeIDE.app/Contents/Eclipse/plugins/com.st.stm32cube.ide.mcu.externaltools.gnu-tools-for-stm32.7-2018-q2-update.macos64_1.4.0.202007081208/tools/bin/../lib/gcc/arm-none-eabi/7.3.1/../../../../arm-none-eabi/lib/thumb/v7-m/libnosys.a
END GROUP
START GROUP
LOAD /Applications/STM32CubeIDE.app/Contents/Eclipse/plugins/com.st.stm32cube.ide.mcu.externaltools.gnu-tools-for-stm32.7-2018-q2-update.macos64_1.4.0.202007081208/tools/bin/../lib/gcc/arm-none-eabi/7.3.1/thumb/v7-m/libgcc.a
LOAD /Applications/STM32CubeIDE.app/Contents/Eclipse/plugins/com.st.stm32cube.ide.mcu.externaltools.gnu-tools-for-stm32.7-2018-q2-update.macos64_1.4.0.202007081208/tools/bin/../lib/gcc/arm-none-eabi/7.3.1/../../../../arm-none-eabi/lib/thumb/v7-m/libc_nano.a
LOAD /Applications/STM32CubeIDE.app/Contents/Eclipse/plugins/com.st.stm32cube.ide.mcu.externaltools.gnu-tools-for-stm32.7-2018-q2-update.macos64_1.4.0.202007081208/tools/bin/../lib/gcc/arm-none-eabi/7.3.1/../../../../arm-none-eabi/lib/thumb/v7-m/libnosys.a
END GROUP
LOAD /Applications/STM32CubeIDE.app/Contents/Eclipse/plugins/com.st.stm32cube.ide.mcu.externaltools.gnu-tools-for-stm32.7-2018-q2-update.macos64_1.4.0.202007081208/tools/bin/../lib/gcc/arm-none-eabi/7.3.1/thumb/v7-m/crtend.o
LOAD /Applications/STM32CubeIDE.app/Contents/Eclipse/plugins/com.st.stm32cube.ide.mcu.externaltools.gnu-tools-for-stm32.7-2018-q2-update.macos64_1.4.0.202007081208/tools/bin/../lib/gcc/arm-none-eabi/7.3.1/thumb/v7-m/crtn.o
                0x0000000020005000                _estack = (ORIGIN (RAM) + LENGTH (RAM))
                0x0000000000000400                _Min_Heap_Size = 0x400
                0x0000000000000400                _Min_Stack_Size = 0x400

.isr_vector     0x0000000008000000      0x10c
                0x0000000008000000                . = ALIGN (0x4)
 *(.isr_vector)
 .isr_vector    0x0000000008000000      0x10c Core/Startup/startup_stm32f103c8tx.o
                0x0000000008000000                g_pfnVectors
                0x000000000800010c                . = ALIGN (0x4)

.text           0x0000000008000110     0x6ce4
                0x0000000008000110                . = ALIGN (0x4)
 *(.text)
 .text          0x0000000008000110       0x40 /Applications/STM32CubeIDE.app/Contents/Eclipse/plugins/com.st.stm32cube.ide.mcu.externaltools.gnu-tools-for-stm32.7-2018-q2-update.macos64_1.4.0.202007081208/tools/bin/../lib/gcc/arm-none-eabi/7.3.1/thumb/v7-m/crtbegin.o
 .text          0x0000000008000150       0x10 /Applications/STM32CubeIDE.app/Contents/Eclipse/plugins/com.st.stm32cube.ide.mcu.externaltools.gnu-tools-for-stm32.7-2018-q2-update.macos64_1.4.0.202007081208/tools/bin/../lib/gcc/arm-none-eabi/7.3.1/../../../../arm-none-eabi/lib/thumb/v7-m/libc_nano.a(lib_a-strlen.o)
                0x0000000008000150                strlen
 .text          0x0000000008000160      0x378 /Applications/STM32CubeIDE.app/Contents/Eclipse/plugins/com.st.stm32cube.ide.mcu.externaltools.gnu-tools-for-stm32.7-2018-q2-update.macos64_1.4.0.202007081208/tools/bin/../lib/gcc/arm-none-eabi/7.3.1/thumb/v7-m/libgcc.a(_arm_addsubdf3.o)
                0x0000000008000160                __aeabi_drsub
                0x0000000008000168                __subdf3
                0x0000000008000168                __aeabi_dsub
                0x000000000800016c                __aeabi_dadd
                0x000000000800016c                __adddf3
                0x00000000080003e4                __aeabi_ui2d
                0x00000000080003e4                __floatunsidf
                0x0000000008000404                __floatsidf
                0x0000000008000404                __aeabi_i2d
                0x0000000008000428                __extendsfdf2
                0x0000000008000428                __aeabi_f2d
                0x000000000800046c                __aeabi_ul2d
                0x000000000800046c                __floatundidf
                0x000000000800047c                __aeabi_l2d
                0x000000000800047c                __floatdidf
 .text          0x00000000080004d8      0x424 /Applications/STM32CubeIDE.app/Contents/Eclipse/plugins/com.st.stm32cube.ide.mcu.externaltools.gnu-tools-for-stm32.7-2018-q2-update.macos64_1.4.0.202007081208/tools/bin/../lib/gcc/arm-none-eabi/7.3.1/thumb/v7-m/libgcc.a(_arm_muldivdf3.o)
                0x00000000080004d8                __aeabi_dmul
                0x00000000080004d8                __muldf3
                0x000000000800072c                __aeabi_ddiv
                0x000000000800072c                __divdf3
 .text          0x00000000080008fc      0x110 /Applications/STM32CubeIDE.app/Contents/Eclipse/plugins/com.st.stm32cube.ide.mcu.externaltools.gnu-tools-for-stm32.7-2018-q2-update.macos64_1.4.0.202007081208/tools/bin/../lib/gcc/arm-none-eabi/7.3.1/thumb/v7-m/libgcc.a(_arm_cmpdf2.o)
                0x00000000080008fc                __gedf2
                0x00000000080008fc                __gtdf2
                0x0000000008000904                __ledf2
                0x0000000008000904                __ltdf2
                0x000000000800090c                __cmpdf2
                0x000000000800090c                __eqdf2
                0x000000000800090c                __nedf2
                0x0000000008000988                __aeabi_cdrcmple
                0x0000000008000998                __aeabi_cdcmple
                0x0000000008000998                __aeabi_cdcmpeq
                0x00000000080009a8                __aeabi_dcmpeq
                0x00000000080009bc                __aeabi_dcmplt
                0x00000000080009d0                __aeabi_dcmple
                0x00000000080009e4                __aeabi_dcmpge
                0x00000000080009f8                __aeabi_dcmpgt
 .text          0x0000000008000a0c       0x2c /Applications/STM32CubeIDE.app/Contents/Eclipse/plugins/com.st.stm32cube.ide.mcu.externaltools.gnu-tools-for-stm32.7-2018-q2-update.macos64_1.4.0.202007081208/tools/bin/../lib/gcc/arm-none-eabi/7.3.1/thumb/v7-m/libgcc.a(_arm_unorddf2.o)
                0x0000000008000a0c                __aeabi_dcmpun
                0x0000000008000a0c                __unorddf2
 .text          0x0000000008000a38       0x50 /Applications/STM32CubeIDE.app/Contents/Eclipse/plugins/com.st.stm32cube.ide.mcu.externaltools.gnu-tools-for-stm32.7-2018-q2-update.macos64_1.4.0.202007081208/tools/bin/../lib/gcc/arm-none-eabi/7.3.1/thumb/v7-m/libgcc.a(_arm_fixdfsi.o)
                0x0000000008000a38                __fixdfsi
                0x0000000008000a38                __aeabi_d2iz
 .text          0x0000000008000a88      0x21c /Applications/STM32CubeIDE.app/Contents/Eclipse/plugins/com.st.stm32cube.ide.mcu.externaltools.gnu-tools-for-stm32.7-2018-q2-update.macos64_1.4.0.202007081208/tools/bin/../lib/gcc/arm-none-eabi/7.3.1/thumb/v7-m/libgcc.a(_arm_addsubsf3.o)
                0x0000000008000a88                __aeabi_frsub
                0x0000000008000a90                __aeabi_fsub
                0x0000000008000a90                __subsf3
                0x0000000008000a94                __aeabi_fadd
                0x0000000008000a94                __addsf3
                0x0000000008000bf4                __aeabi_ui2f
                0x0000000008000bf4                __floatunsisf
                0x0000000008000bfc                __floatsisf
                0x0000000008000bfc                __aeabi_i2f
                0x0000000008000c18                __aeabi_ul2f
                0x0000000008000c18                __floatundisf
                0x0000000008000c28                __aeabi_l2f
                0x0000000008000c28                __floatdisf
 .text          0x0000000008000ca4      0x2a0 /Applications/STM32CubeIDE.app/Contents/Eclipse/plugins/com.st.stm32cube.ide.mcu.externaltools.gnu-tools-for-stm32.7-2018-q2-update.macos64_1.4.0.202007081208/tools/bin/../lib/gcc/arm-none-eabi/7.3.1/thumb/v7-m/libgcc.a(_arm_muldivsf3.o)
                0x0000000008000ca4                __mulsf3
                0x0000000008000ca4                __aeabi_fmul
                0x0000000008000e0c                __divsf3
                0x0000000008000e0c                __aeabi_fdiv
 .text          0x0000000008000f44       0xec /Applications/STM32CubeIDE.app/Contents/Eclipse/plugins/com.st.stm32cube.ide.mcu.externaltools.gnu-tools-for-stm32.7-2018-q2-update.macos64_1.4.0.202007081208/tools/bin/../lib/gcc/arm-none-eabi/7.3.1/thumb/v7-m/libgcc.a(_arm_cmpsf2.o)
                0x0000000008000f44                __gesf2
                0x0000000008000f44                __gtsf2
                0x0000000008000f4c                __ltsf2
                0x0000000008000f4c                __lesf2
                0x0000000008000f54                __nesf2
                0x0000000008000f54                __eqsf2
                0x0000000008000f54                __cmpsf2
                0x0000000008000fb4                __aeabi_cfrcmple
                0x0000000008000fbc                __aeabi_cfcmpeq
                0x0000000008000fbc                __aeabi_cfcmple
                0x0000000008000fcc                __aeabi_fcmpeq
                0x0000000008000fe0                __aeabi_fcmplt
                0x0000000008000ff4                __aeabi_fcmple
                0x0000000008001008                __aeabi_fcmpge
                0x000000000800101c                __aeabi_fcmpgt
 *(.text*)
 .text.DS18B20_StartAll
                0x0000000008001030       0x1c Core/Src/DS18B20.o
                0x0000000008001030                DS18B20_StartAll
 .text.DS18B20_Read
                0x000000000800104c       0xfc Core/Src/DS18B20.o
                0x000000000800104c                DS18B20_Read
 .text.DS18B20_SetResolution
                0x0000000008001148       0xce Core/Src/DS18B20.o
                0x0000000008001148                DS18B20_SetResolution
 .text.DS18B20_Is
                0x0000000008001216        0xc Core/Src/DS18B20.o
                0x0000000008001216                DS18B20_Is
 .text.DS18B20_SetAlarmLowTemperature
                0x0000000008001222       0xa2 Core/Src/DS18B20.o
                0x0000000008001222                DS18B20_SetAlarmLowTemperature
 .text.DS18B20_SetAlarmHighTemperature
                0x00000000080012c4       0xa2 Core/Src/DS18B20.o
                0x00000000080012c4                DS18B20_SetAlarmHighTemperature
 .text.DS18B20_AllDone
                0x0000000008001366        0x4 Core/Src/DS18B20.o
                0x0000000008001366                DS18B20_AllDone
 *fill*         0x000000000800136a        0x2 
 .text.micros   0x000000000800136c       0x20 Core/Src/OneWire.o
                0x000000000800136c                micros
 .text.OneWire_Low
                0x000000000800138c        0xa Core/Src/OneWire.o
                0x000000000800138c                OneWire_Low
 .text.OneWire_Input
                0x0000000008001396       0x1e Core/Src/OneWire.o
                0x0000000008001396                OneWire_Input
 .text.OneWire_Output
                0x00000000080013b4       0x20 Core/Src/OneWire.o
                0x00000000080013b4                OneWire_Output
 .text.OneWire_Init
                0x00000000080013d4       0xa8 Core/Src/OneWire.o
                0x00000000080013d4                OneWire_Init
 .text.OneWire_Reset
                0x000000000800147c       0x38 Core/Src/OneWire.o
                0x000000000800147c                OneWire_Reset
 .text.OneWire_WriteBit
                0x00000000080014b4       0x46 Core/Src/OneWire.o
                0x00000000080014b4                OneWire_WriteBit
 .text.OneWire_ReadBit
                0x00000000080014fa       0x38 Core/Src/OneWire.o
                0x00000000080014fa                OneWire_ReadBit
 .text.OneWire_WriteByte
                0x0000000008001532       0x20 Core/Src/OneWire.o
                0x0000000008001532                OneWire_WriteByte
 .text.OneWire_ReadByte
                0x0000000008001552       0x24 Core/Src/OneWire.o
                0x0000000008001552                OneWire_ReadByte
 .text.OneWire_Search
                0x0000000008001576       0xcc Core/Src/OneWire.o
                0x0000000008001576                OneWire_Search
 .text.OneWire_First
                0x0000000008001642        0xc Core/Src/OneWire.o
                0x0000000008001642                OneWire_First
 .text.OneWire_Select
                0x000000000800164e       0x20 Core/Src/OneWire.o
                0x000000000800164e                OneWire_Select
 .text.OneWire_SelectWithPointer
                0x000000000800166e        0x4 Core/Src/OneWire.o
                0x000000000800166e                OneWire_SelectWithPointer
 .text.OneWire_GetFullROM
                0x0000000008001672       0x16 Core/Src/OneWire.o
                0x0000000008001672                OneWire_GetFullROM
 .text.OneWire_CRC8
                0x0000000008001688       0x3a Core/Src/OneWire.o
                0x0000000008001688                OneWire_CRC8
 *fill*         0x00000000080016c2        0x2 
 .text._ZN5PrintC2Ev
                0x00000000080016c4        0xc Core/Src/Print.o
                0x00000000080016c4                Print::Print()
                0x00000000080016c4                Print::Print()
 .text._ZN5Print5printEPKcz
                0x00000000080016d0       0x2e Core/Src/Print.o
                0x00000000080016d0                Print::print(char const*, ...)
 .text._ZN5Print5printEPh
                0x00000000080016fe        0x6 Core/Src/Print.o
                0x00000000080016fe                Print::print(unsigned char*)
 .text._ZN3Usb5writeEPh
                0x0000000008001704       0x16 Core/Src/main.o
                0x0000000008001704                Usb::write(unsigned char*)
 *fill*         0x000000000800171a        0x2 
 .text._ZN3UsbC2Ev
                0x000000000800171c       0x14 Core/Src/main.o
                0x000000000800171c                Usb::Usb()
                0x000000000800171c                Usb::Usb()
 .text._Z18SystemClock_Configv
                0x0000000008001730       0x6e Core/Src/main.o
                0x0000000008001730                SystemClock_Config()
 *fill*         0x000000000800179e        0x2 
 .text.startup.main
                0x00000000080017a0      0x1e0 Core/Src/main.o
                0x00000000080017a0                main
 .text.CDC_ReceiveCallBack
                0x0000000008001980       0x24 Core/Src/main.o
                0x0000000008001980                CDC_ReceiveCallBack
 .text.Error_Handler
                0x00000000080019a4        0x2 Core/Src/main.o
                0x00000000080019a4                Error_Handler
 *fill*         0x00000000080019a6        0x2 
 .text.startup._GLOBAL__sub_I_htim2
                0x00000000080019a8        0xc Core/Src/main.o
 .text.HAL_MspInit
                0x00000000080019b4       0x44 Core/Src/stm32f1xx_hal_msp.o
                0x00000000080019b4                HAL_MspInit
 .text.HAL_TIM_Base_MspInit
                0x00000000080019f8       0x24 Core/Src/stm32f1xx_hal_msp.o
                0x00000000080019f8                HAL_TIM_Base_MspInit
 .text.NMI_Handler
                0x0000000008001a1c        0x2 Core/Src/stm32f1xx_it.o
                0x0000000008001a1c                NMI_Handler
 .text.HardFault_Handler
                0x0000000008001a1e        0x2 Core/Src/stm32f1xx_it.o
                0x0000000008001a1e                HardFault_Handler
 .text.MemManage_Handler
                0x0000000008001a20        0x2 Core/Src/stm32f1xx_it.o
                0x0000000008001a20                MemManage_Handler
 .text.BusFault_Handler
                0x0000000008001a22        0x2 Core/Src/stm32f1xx_it.o
                0x0000000008001a22                BusFault_Handler
 .text.UsageFault_Handler
                0x0000000008001a24        0x2 Core/Src/stm32f1xx_it.o
                0x0000000008001a24                UsageFault_Handler
 .text.SVC_Handler
                0x0000000008001a26        0x2 Core/Src/stm32f1xx_it.o
                0x0000000008001a26                SVC_Handler
 .text.DebugMon_Handler
                0x0000000008001a28        0x2 Core/Src/stm32f1xx_it.o
                0x0000000008001a28                DebugMon_Handler
 .text.PendSV_Handler
                0x0000000008001a2a        0x2 Core/Src/stm32f1xx_it.o
                0x0000000008001a2a                PendSV_Handler
 .text.SysTick_Handler
                0x0000000008001a2c        0x4 Core/Src/stm32f1xx_it.o
                0x0000000008001a2c                SysTick_Handler
 .text.USB_LP_CAN1_RX0_IRQHandler
                0x0000000008001a30        0xc Core/Src/stm32f1xx_it.o
                0x0000000008001a30                USB_LP_CAN1_RX0_IRQHandler
 .text._getpid  0x0000000008001a3c        0x4 Core/Src/syscalls.o
                0x0000000008001a3c                _getpid
 .text._kill    0x0000000008001a40       0x10 Core/Src/syscalls.o
                0x0000000008001a40                _kill
 .text._exit    0x0000000008001a50        0xc Core/Src/syscalls.o
                0x0000000008001a50                _exit
 .text._sbrk    0x0000000008001a5c       0x40 Core/Src/sysmem.o
                0x0000000008001a5c                _sbrk
 .text.SystemInit
                0x0000000008001a9c        0x2 Core/Src/system_stm32f1xx.o
                0x0000000008001a9c                SystemInit
 *fill*         0x0000000008001a9e        0x2 
 .text.Reset_Handler
                0x0000000008001aa0       0x48 Core/Startup/startup_stm32f103c8tx.o
                0x0000000008001aa0                Reset_Handler
 .text.Default_Handler
                0x0000000008001ae8        0x2 Core/Startup/startup_stm32f103c8tx.o
                0x0000000008001ae8                USBWakeUp_IRQHandler
                0x0000000008001ae8                EXTI2_IRQHandler
                0x0000000008001ae8                TIM1_CC_IRQHandler
                0x0000000008001ae8                PVD_IRQHandler
                0x0000000008001ae8                EXTI3_IRQHandler
                0x0000000008001ae8                EXTI0_IRQHandler
                0x0000000008001ae8                I2C2_EV_IRQHandler
                0x0000000008001ae8                ADC1_2_IRQHandler
                0x0000000008001ae8                SPI1_IRQHandler
                0x0000000008001ae8                TAMPER_IRQHandler
                0x0000000008001ae8                DMA1_Channel4_IRQHandler
                0x0000000008001ae8                USART3_IRQHandler
                0x0000000008001ae8                RTC_IRQHandler
                0x0000000008001ae8                DMA1_Channel7_IRQHandler
                0x0000000008001ae8                CAN1_RX1_IRQHandler
                0x0000000008001ae8                TIM4_IRQHandler
                0x0000000008001ae8                I2C1_EV_IRQHandler
                0x0000000008001ae8                DMA1_Channel6_IRQHandler
                0x0000000008001ae8                TIM3_IRQHandler
                0x0000000008001ae8                RCC_IRQHandler
                0x0000000008001ae8                TIM1_TRG_COM_IRQHandler
                0x0000000008001ae8                DMA1_Channel1_IRQHandler
                0x0000000008001ae8                Default_Handler
                0x0000000008001ae8                EXTI15_10_IRQHandler
                0x0000000008001ae8                EXTI9_5_IRQHandler
                0x0000000008001ae8                SPI2_IRQHandler
                0x0000000008001ae8                DMA1_Channel5_IRQHandler
                0x0000000008001ae8                EXTI4_IRQHandler
                0x0000000008001ae8                USB_HP_CAN1_TX_IRQHandler
                0x0000000008001ae8                DMA1_Channel3_IRQHandler
                0x0000000008001ae8                TIM1_UP_IRQHandler
                0x0000000008001ae8                WWDG_IRQHandler
                0x0000000008001ae8                TIM2_IRQHandler
                0x0000000008001ae8                TIM1_BRK_IRQHandler
                0x0000000008001ae8                EXTI1_IRQHandler
                0x0000000008001ae8                USART2_IRQHandler
                0x0000000008001ae8                I2C2_ER_IRQHandler
                0x0000000008001ae8                DMA1_Channel2_IRQHandler
                0x0000000008001ae8                CAN1_SCE_IRQHandler
                0x0000000008001ae8                FLASH_IRQHandler
                0x0000000008001ae8                USART1_IRQHandler
                0x0000000008001ae8                I2C1_ER_IRQHandler
                0x0000000008001ae8                RTC_Alarm_IRQHandler
 *fill*         0x0000000008001aea        0x2 
 .text.HAL_InitTick
                0x0000000008001aec       0x48 Drivers/STM32F1xx_HAL_Driver/Src/stm32f1xx_hal.o
                0x0000000008001aec                HAL_InitTick
 .text.HAL_Init
                0x0000000008001b34       0x24 Drivers/STM32F1xx_HAL_Driver/Src/stm32f1xx_hal.o
                0x0000000008001b34                HAL_Init
 .text.HAL_IncTick
                0x0000000008001b58       0x18 Drivers/STM32F1xx_HAL_Driver/Src/stm32f1xx_hal.o
                0x0000000008001b58                HAL_IncTick
 .text.HAL_GetTick
                0x0000000008001b70        0xc Drivers/STM32F1xx_HAL_Driver/Src/stm32f1xx_hal.o
                0x0000000008001b70                HAL_GetTick
 .text.HAL_Delay
                0x0000000008001b7c       0x24 Drivers/STM32F1xx_HAL_Driver/Src/stm32f1xx_hal.o
                0x0000000008001b7c                HAL_Delay
 .text.HAL_NVIC_SetPriorityGrouping
                0x0000000008001ba0       0x24 Drivers/STM32F1xx_HAL_Driver/Src/stm32f1xx_hal_cortex.o
                0x0000000008001ba0                HAL_NVIC_SetPriorityGrouping
 .text.HAL_NVIC_SetPriority
                0x0000000008001bc4       0x68 Drivers/STM32F1xx_HAL_Driver/Src/stm32f1xx_hal_cortex.o
                0x0000000008001bc4                HAL_NVIC_SetPriority
 .text.HAL_NVIC_EnableIRQ
                0x0000000008001c2c       0x1c Drivers/STM32F1xx_HAL_Driver/Src/stm32f1xx_hal_cortex.o
                0x0000000008001c2c                HAL_NVIC_EnableIRQ
 .text.HAL_SYSTICK_Config
                0x0000000008001c48       0x2c Drivers/STM32F1xx_HAL_Driver/Src/stm32f1xx_hal_cortex.o
                0x0000000008001c48                HAL_SYSTICK_Config
 .text.HAL_GPIO_Init
                0x0000000008001c74      0x1c0 Drivers/STM32F1xx_HAL_Driver/Src/stm32f1xx_hal_gpio.o
                0x0000000008001c74                HAL_GPIO_Init
 .text.HAL_GPIO_ReadPin
                0x0000000008001e34        0xc Drivers/STM32F1xx_HAL_Driver/Src/stm32f1xx_hal_gpio.o
                0x0000000008001e34                HAL_GPIO_ReadPin
 .text.HAL_GPIO_WritePin
                0x0000000008001e40        0xa Drivers/STM32F1xx_HAL_Driver/Src/stm32f1xx_hal_gpio.o
                0x0000000008001e40                HAL_GPIO_WritePin
 .text.HAL_GPIO_TogglePin
                0x0000000008001e4a       0x12 Drivers/STM32F1xx_HAL_Driver/Src/stm32f1xx_hal_gpio.o
                0x0000000008001e4a                HAL_GPIO_TogglePin
 .text.HAL_PCD_Init
                0x0000000008001e5c       0xf0 Drivers/STM32F1xx_HAL_Driver/Src/stm32f1xx_hal_pcd.o
                0x0000000008001e5c                HAL_PCD_Init
 .text.HAL_PCD_Start
                0x0000000008001f4c       0x32 Drivers/STM32F1xx_HAL_Driver/Src/stm32f1xx_hal_pcd.o
                0x0000000008001f4c                HAL_PCD_Start
 .text.HAL_PCD_SetAddress
                0x0000000008001f7e       0x28 Drivers/STM32F1xx_HAL_Driver/Src/stm32f1xx_hal_pcd.o
                0x0000000008001f7e                HAL_PCD_SetAddress
 *fill*         0x0000000008001fa6        0x2 
 .text.HAL_PCD_IRQHandler
                0x0000000008001fa8      0x844 Drivers/STM32F1xx_HAL_Driver/Src/stm32f1xx_hal_pcd.o
                0x0000000008001fa8                HAL_PCD_IRQHandler
 .text.HAL_PCD_EP_Open
                0x00000000080027ec       0x64 Drivers/STM32F1xx_HAL_Driver/Src/stm32f1xx_hal_pcd.o
                0x00000000080027ec                HAL_PCD_EP_Open
 .text.HAL_PCD_EP_Close
                0x0000000008002850       0x52 Drivers/STM32F1xx_HAL_Driver/Src/stm32f1xx_hal_pcd.o
                0x0000000008002850                HAL_PCD_EP_Close
 .text.HAL_PCD_EP_Receive
                0x00000000080028a2       0x32 Drivers/STM32F1xx_HAL_Driver/Src/stm32f1xx_hal_pcd.o
                0x00000000080028a2                HAL_PCD_EP_Receive
 .text.HAL_PCD_EP_GetRxCount
                0x00000000080028d4       0x10 Drivers/STM32F1xx_HAL_Driver/Src/stm32f1xx_hal_pcd.o
                0x00000000080028d4                HAL_PCD_EP_GetRxCount
 .text.HAL_PCD_EP_Transmit
                0x00000000080028e4       0x34 Drivers/STM32F1xx_HAL_Driver/Src/stm32f1xx_hal_pcd.o
                0x00000000080028e4                HAL_PCD_EP_Transmit
 .text.HAL_PCD_EP_SetStall
                0x0000000008002918       0x68 Drivers/STM32F1xx_HAL_Driver/Src/stm32f1xx_hal_pcd.o
                0x0000000008002918                HAL_PCD_EP_SetStall
 .text.HAL_PCD_EP_ClrStall
                0x0000000008002980       0x64 Drivers/STM32F1xx_HAL_Driver/Src/stm32f1xx_hal_pcd.o
                0x0000000008002980                HAL_PCD_EP_ClrStall
 .text.HAL_PCDEx_PMAConfig
                0x00000000080029e4       0x36 Drivers/STM32F1xx_HAL_Driver/Src/stm32f1xx_hal_pcd_ex.o
                0x00000000080029e4                HAL_PCDEx_PMAConfig
 *fill*         0x0000000008002a1a        0x2 
 .text.HAL_RCC_OscConfig
                0x0000000008002a1c      0x33c Drivers/STM32F1xx_HAL_Driver/Src/stm32f1xx_hal_rcc.o
                0x0000000008002a1c                HAL_RCC_OscConfig
 .text.HAL_RCC_GetSysClockFreq
                0x0000000008002d58       0x74 Drivers/STM32F1xx_HAL_Driver/Src/stm32f1xx_hal_rcc.o
                0x0000000008002d58                HAL_RCC_GetSysClockFreq
 .text.HAL_RCC_ClockConfig
                0x0000000008002dcc      0x138 Drivers/STM32F1xx_HAL_Driver/Src/stm32f1xx_hal_rcc.o
                0x0000000008002dcc                HAL_RCC_ClockConfig
 .text.HAL_RCC_GetPCLK1Freq
                0x0000000008002f04       0x20 Drivers/STM32F1xx_HAL_Driver/Src/stm32f1xx_hal_rcc.o
                0x0000000008002f04                HAL_RCC_GetPCLK1Freq
 .text.HAL_RCC_GetClockConfig
                0x0000000008002f24       0x3c Drivers/STM32F1xx_HAL_Driver/Src/stm32f1xx_hal_rcc.o
                0x0000000008002f24                HAL_RCC_GetClockConfig
 .text.HAL_RCCEx_PeriphCLKConfig
                0x0000000008002f60       0xf0 Drivers/STM32F1xx_HAL_Driver/Src/stm32f1xx_hal_rcc_ex.o
                0x0000000008002f60                HAL_RCCEx_PeriphCLKConfig
 .text.HAL_TIM_Base_Start
                0x0000000008003050       0x4c Drivers/STM32F1xx_HAL_Driver/Src/stm32f1xx_hal_tim.o
                0x0000000008003050                HAL_TIM_Base_Start
 .text.TIM_Base_SetConfig
                0x000000000800309c       0x70 Drivers/STM32F1xx_HAL_Driver/Src/stm32f1xx_hal_tim.o
                0x000000000800309c                TIM_Base_SetConfig
 .text.HAL_TIM_Base_Init
                0x000000000800310c       0x58 Drivers/STM32F1xx_HAL_Driver/Src/stm32f1xx_hal_tim.o
                0x000000000800310c                HAL_TIM_Base_Init
 .text.TIM_ETR_SetConfig
                0x0000000008003164       0x14 Drivers/STM32F1xx_HAL_Driver/Src/stm32f1xx_hal_tim.o
                0x0000000008003164                TIM_ETR_SetConfig
 .text.HAL_TIM_ConfigClockSource
                0x0000000008003178      0x128 Drivers/STM32F1xx_HAL_Driver/Src/stm32f1xx_hal_tim.o
                0x0000000008003178                HAL_TIM_ConfigClockSource
 .text.HAL_TIMEx_MasterConfigSynchronization
                0x00000000080032a0       0x64 Drivers/STM32F1xx_HAL_Driver/Src/stm32f1xx_hal_tim_ex.o
                0x00000000080032a0                HAL_TIMEx_MasterConfigSynchronization
 .text.USB_CoreInit
                0x0000000008003304        0xe Drivers/STM32F1xx_HAL_Driver/Src/stm32f1xx_ll_usb.o
                0x0000000008003304                USB_CoreInit
 .text.USB_EnableGlobalInt
                0x0000000008003312       0x12 Drivers/STM32F1xx_HAL_Driver/Src/stm32f1xx_ll_usb.o
                0x0000000008003312                USB_EnableGlobalInt
 .text.USB_DisableGlobalInt
                0x0000000008003324       0x14 Drivers/STM32F1xx_HAL_Driver/Src/stm32f1xx_ll_usb.o
                0x0000000008003324                USB_DisableGlobalInt
 .text.USB_SetCurrentMode
                0x0000000008003338        0x4 Drivers/STM32F1xx_HAL_Driver/Src/stm32f1xx_ll_usb.o
                0x0000000008003338                USB_SetCurrentMode
 .text.USB_DevInit
                0x000000000800333c       0x28 Drivers/STM32F1xx_HAL_Driver/Src/stm32f1xx_ll_usb.o
                0x000000000800333c                USB_DevInit
 .text.USB_ActivateEndpoint
                0x0000000008003364      0x27c Drivers/STM32F1xx_HAL_Driver/Src/stm32f1xx_ll_usb.o
                0x0000000008003364                USB_ActivateEndpoint
 .text.USB_DeactivateEndpoint
                0x00000000080035e0      0x18c Drivers/STM32F1xx_HAL_Driver/Src/stm32f1xx_ll_usb.o
                0x00000000080035e0                USB_DeactivateEndpoint
 .text.USB_EPSetStall
                0x000000000800376c       0x38 Drivers/STM32F1xx_HAL_Driver/Src/stm32f1xx_ll_usb.o
                0x000000000800376c                USB_EPSetStall
 .text.USB_EPClearStall
                0x00000000080037a4       0x86 Drivers/STM32F1xx_HAL_Driver/Src/stm32f1xx_ll_usb.o
                0x00000000080037a4                USB_EPClearStall
 .text.USB_SetDevAddress
                0x000000000800382a        0xc Drivers/STM32F1xx_HAL_Driver/Src/stm32f1xx_ll_usb.o
                0x000000000800382a                USB_SetDevAddress
 .text.USB_DevConnect
                0x0000000008003836        0x4 Drivers/STM32F1xx_HAL_Driver/Src/stm32f1xx_ll_usb.o
                0x0000000008003836                USB_DevConnect
 .text.USB_DevDisconnect
                0x000000000800383a        0x4 Drivers/STM32F1xx_HAL_Driver/Src/stm32f1xx_ll_usb.o
                0x000000000800383a                USB_DevDisconnect
 .text.USB_ReadInterrupts
                0x000000000800383e        0x6 Drivers/STM32F1xx_HAL_Driver/Src/stm32f1xx_ll_usb.o
                0x000000000800383e                USB_ReadInterrupts
 .text.USB_EP0_OutStart
                0x0000000008003844        0x4 Drivers/STM32F1xx_HAL_Driver/Src/stm32f1xx_ll_usb.o
                0x0000000008003844                USB_EP0_OutStart
 .text.USB_WritePMA
                0x0000000008003848       0x20 Drivers/STM32F1xx_HAL_Driver/Src/stm32f1xx_ll_usb.o
                0x0000000008003848                USB_WritePMA
 .text.USB_EPStartXfer
                0x0000000008003868      0x558 Drivers/STM32F1xx_HAL_Driver/Src/stm32f1xx_ll_usb.o
                0x0000000008003868                USB_EPStartXfer
 .text.USB_ReadPMA
                0x0000000008003dc0       0x38 Drivers/STM32F1xx_HAL_Driver/Src/stm32f1xx_ll_usb.o
                0x0000000008003dc0                USB_ReadPMA
 .text.USBD_CDC_EP0_RxReady
                0x0000000008003df8       0x28 Middlewares/ST/STM32_USB_Device_Library/Class/CDC/Src/usbd_cdc.o
 .text.USBD_CDC_GetFSCfgDesc
                0x0000000008003e20        0xc Middlewares/ST/STM32_USB_Device_Library/Class/CDC/Src/usbd_cdc.o
 .text.USBD_CDC_GetHSCfgDesc
                0x0000000008003e2c        0xc Middlewares/ST/STM32_USB_Device_Library/Class/CDC/Src/usbd_cdc.o
 .text.USBD_CDC_GetOtherSpeedCfgDesc
                0x0000000008003e38        0xc Middlewares/ST/STM32_USB_Device_Library/Class/CDC/Src/usbd_cdc.o
 .text.USBD_CDC_GetDeviceQualifierDescriptor
                0x0000000008003e44        0xc Middlewares/ST/STM32_USB_Device_Library/Class/CDC/Src/usbd_cdc.o
                0x0000000008003e44                USBD_CDC_GetDeviceQualifierDescriptor
 .text.USBD_CDC_DataOut
                0x0000000008003e50       0x2e Middlewares/ST/STM32_USB_Device_Library/Class/CDC/Src/usbd_cdc.o
 .text.USBD_CDC_DataIn
                0x0000000008003e7e       0x42 Middlewares/ST/STM32_USB_Device_Library/Class/CDC/Src/usbd_cdc.o
 .text.USBD_CDC_Setup
                0x0000000008003ec0       0xbc Middlewares/ST/STM32_USB_Device_Library/Class/CDC/Src/usbd_cdc.o
 .text.USBD_CDC_DeInit
                0x0000000008003f7c       0x42 Middlewares/ST/STM32_USB_Device_Library/Class/CDC/Src/usbd_cdc.o
 .text.USBD_CDC_Init
                0x0000000008003fbe       0xa6 Middlewares/ST/STM32_USB_Device_Library/Class/CDC/Src/usbd_cdc.o
 .text.USBD_CDC_RegisterInterface
                0x0000000008004064        0xe Middlewares/ST/STM32_USB_Device_Library/Class/CDC/Src/usbd_cdc.o
                0x0000000008004064                USBD_CDC_RegisterInterface
 .text.USBD_CDC_SetTxBuffer
                0x0000000008004072       0x10 Middlewares/ST/STM32_USB_Device_Library/Class/CDC/Src/usbd_cdc.o
                0x0000000008004072                USBD_CDC_SetTxBuffer
 .text.USBD_CDC_SetRxBuffer
                0x0000000008004082        0xc Middlewares/ST/STM32_USB_Device_Library/Class/CDC/Src/usbd_cdc.o
                0x0000000008004082                USBD_CDC_SetRxBuffer
 .text.USBD_CDC_TransmitPacket
                0x000000000800408e       0x32 Middlewares/ST/STM32_USB_Device_Library/Class/CDC/Src/usbd_cdc.o
                0x000000000800408e                USBD_CDC_TransmitPacket
 .text.USBD_CDC_ReceivePacket
                0x00000000080040c0       0x26 Middlewares/ST/STM32_USB_Device_Library/Class/CDC/Src/usbd_cdc.o
                0x00000000080040c0                USBD_CDC_ReceivePacket
 .text.USBD_Init
                0x00000000080040e6       0x2a Middlewares/ST/STM32_USB_Device_Library/Core/Src/usbd_core.o
                0x00000000080040e6                USBD_Init
 .text.USBD_RegisterClass
                0x0000000008004110        0xe Middlewares/ST/STM32_USB_Device_Library/Core/Src/usbd_core.o
                0x0000000008004110                USBD_RegisterClass
 .text.USBD_Start
                0x000000000800411e        0xa Middlewares/ST/STM32_USB_Device_Library/Core/Src/usbd_core.o
                0x000000000800411e                USBD_Start
 .text.USBD_SetClassConfig
                0x0000000008004128       0x16 Middlewares/ST/STM32_USB_Device_Library/Core/Src/usbd_core.o
                0x0000000008004128                USBD_SetClassConfig
 .text.USBD_ClrClassConfig
                0x000000000800413e        0xe Middlewares/ST/STM32_USB_Device_Library/Core/Src/usbd_core.o
                0x000000000800413e                USBD_ClrClassConfig
 .text.USBD_LL_SetupStage
                0x000000000800414c       0x5a Middlewares/ST/STM32_USB_Device_Library/Core/Src/usbd_core.o
                0x000000000800414c                USBD_LL_SetupStage
 .text.USBD_LL_DataOutStage
                0x00000000080041a6       0x74 Middlewares/ST/STM32_USB_Device_Library/Core/Src/usbd_core.o
                0x00000000080041a6                USBD_LL_DataOutStage
 .text.USBD_LL_DataInStage
                0x000000000800421a       0xb6 Middlewares/ST/STM32_USB_Device_Library/Core/Src/usbd_core.o
                0x000000000800421a                USBD_LL_DataInStage
 .text.USBD_LL_Reset
                0x00000000080042d0       0x4e Middlewares/ST/STM32_USB_Device_Library/Core/Src/usbd_core.o
                0x00000000080042d0                USBD_LL_Reset
 .text.USBD_LL_SetSpeed
                0x000000000800431e        0x6 Middlewares/ST/STM32_USB_Device_Library/Core/Src/usbd_core.o
                0x000000000800431e                USBD_LL_SetSpeed
 .text.USBD_LL_Suspend
                0x0000000008004324       0x12 Middlewares/ST/STM32_USB_Device_Library/Core/Src/usbd_core.o
                0x0000000008004324                USBD_LL_Suspend
 .text.USBD_LL_Resume
                0x0000000008004336       0x14 Middlewares/ST/STM32_USB_Device_Library/Core/Src/usbd_core.o
                0x0000000008004336                USBD_LL_Resume
 .text.USBD_LL_SOF
                0x000000000800434a       0x18 Middlewares/ST/STM32_USB_Device_Library/Core/Src/usbd_core.o
                0x000000000800434a                USBD_LL_SOF
 .text.USBD_CtlError.constprop.1
                0x0000000008004362       0x16 Middlewares/ST/STM32_USB_Device_Library/Core/Src/usbd_ctlreq.o
 .text.USBD_StdDevReq
                0x0000000008004378      0x248 Middlewares/ST/STM32_USB_Device_Library/Core/Src/usbd_ctlreq.o
                0x0000000008004378                USBD_StdDevReq
 .text.USBD_StdItfReq
                0x00000000080045c0       0x4a Middlewares/ST/STM32_USB_Device_Library/Core/Src/usbd_ctlreq.o
                0x00000000080045c0                USBD_StdItfReq
 .text.USBD_StdEPReq
                0x000000000800460a      0x112 Middlewares/ST/STM32_USB_Device_Library/Core/Src/usbd_ctlreq.o
                0x000000000800460a                USBD_StdEPReq
 .text.USBD_ParseSetupRequest
                0x000000000800471c       0x28 Middlewares/ST/STM32_USB_Device_Library/Core/Src/usbd_ctlreq.o
                0x000000000800471c                USBD_ParseSetupRequest
 .text.USBD_CtlError
                0x0000000008004744       0x16 Middlewares/ST/STM32_USB_Device_Library/Core/Src/usbd_ctlreq.o
                0x0000000008004744                USBD_CtlError
 .text.USBD_GetString
                0x000000000800475a       0x38 Middlewares/ST/STM32_USB_Device_Library/Core/Src/usbd_ctlreq.o
                0x000000000800475a                USBD_GetString
 .text.USBD_CtlSendData
                0x0000000008004792       0x1a Middlewares/ST/STM32_USB_Device_Library/Core/Src/usbd_ioreq.o
                0x0000000008004792                USBD_CtlSendData
 .text.USBD_CtlContinueSendData
                0x00000000080047ac       0x10 Middlewares/ST/STM32_USB_Device_Library/Core/Src/usbd_ioreq.o
                0x00000000080047ac                USBD_CtlContinueSendData
 .text.USBD_CtlPrepareRx
                0x00000000080047bc       0x1e Middlewares/ST/STM32_USB_Device_Library/Core/Src/usbd_ioreq.o
                0x00000000080047bc                USBD_CtlPrepareRx
 .text.USBD_CtlContinueRx
                0x00000000080047da       0x10 Middlewares/ST/STM32_USB_Device_Library/Core/Src/usbd_ioreq.o
                0x00000000080047da                USBD_CtlContinueRx
 .text.USBD_CtlSendStatus
                0x00000000080047ea       0x16 Middlewares/ST/STM32_USB_Device_Library/Core/Src/usbd_ioreq.o
                0x00000000080047ea                USBD_CtlSendStatus
 .text.USBD_CtlReceiveStatus
                0x0000000008004800       0x16 Middlewares/ST/STM32_USB_Device_Library/Core/Src/usbd_ioreq.o
                0x0000000008004800                USBD_CtlReceiveStatus
 *fill*         0x0000000008004816        0x2 
 .text.MX_USB_DEVICE_Init
                0x0000000008004818       0x50 USB_DEVICE/App/usb_device.o
                0x0000000008004818                MX_USB_DEVICE_Init
 .text.CDC_DeInit_FS
                0x0000000008004868        0x4 USB_DEVICE/App/usbd_cdc_if.o
 .text.CDC_Control_FS
                0x000000000800486c        0x4 USB_DEVICE/App/usbd_cdc_if.o
 .text.CDC_Init_FS
                0x0000000008004870       0x28 USB_DEVICE/App/usbd_cdc_if.o
 .text.CDC_Transmit_FS
                0x0000000008004898       0x2c USB_DEVICE/App/usbd_cdc_if.o
                0x0000000008004898                CDC_Transmit_FS
 .text.CDC_Receive_FS
                0x00000000080048c4       0x28 USB_DEVICE/App/usbd_cdc_if.o
 .text.USBD_FS_DeviceDescriptor
                0x00000000080048ec        0xc USB_DEVICE/App/usbd_desc.o
                0x00000000080048ec                USBD_FS_DeviceDescriptor
 .text.USBD_FS_LangIDStrDescriptor
                0x00000000080048f8        0xc USB_DEVICE/App/usbd_desc.o
                0x00000000080048f8                USBD_FS_LangIDStrDescriptor
 .text.IntToUnicode
                0x0000000008004904       0x2a USB_DEVICE/App/usbd_desc.o
 *fill*         0x000000000800492e        0x2 
 .text.USBD_FS_SerialStrDescriptor
                0x0000000008004930       0x40 USB_DEVICE/App/usbd_desc.o
                0x0000000008004930                USBD_FS_SerialStrDescriptor
 .text.USBD_FS_ManufacturerStrDescriptor
                0x0000000008004970       0x1c USB_DEVICE/App/usbd_desc.o
                0x0000000008004970                USBD_FS_ManufacturerStrDescriptor
 .text.USBD_FS_ProductStrDescriptor
                0x000000000800498c       0x1c USB_DEVICE/App/usbd_desc.o
                0x000000000800498c                USBD_FS_ProductStrDescriptor
 .text.USBD_FS_ConfigStrDescriptor
                0x00000000080049a8       0x1c USB_DEVICE/App/usbd_desc.o
                0x00000000080049a8                USBD_FS_ConfigStrDescriptor
 .text.USBD_FS_InterfaceStrDescriptor
                0x00000000080049c4       0x1c USB_DEVICE/App/usbd_desc.o
                0x00000000080049c4                USBD_FS_InterfaceStrDescriptor
 .text.HAL_PCD_MspInit
                0x00000000080049e0       0x40 USB_DEVICE/Target/usbd_conf.o
                0x00000000080049e0                HAL_PCD_MspInit
 .text.HAL_PCD_SetupStageCallback
                0x0000000008004a20        0xc USB_DEVICE/Target/usbd_conf.o
                0x0000000008004a20                HAL_PCD_SetupStageCallback
 .text.HAL_PCD_DataOutStageCallback
                0x0000000008004a2c       0x12 USB_DEVICE/Target/usbd_conf.o
                0x0000000008004a2c                HAL_PCD_DataOutStageCallback
 .text.HAL_PCD_DataInStageCallback
                0x0000000008004a3e       0x10 USB_DEVICE/Target/usbd_conf.o
                0x0000000008004a3e                HAL_PCD_DataInStageCallback
 .text.HAL_PCD_SOFCallback
                0x0000000008004a4e        0x8 USB_DEVICE/Target/usbd_conf.o
                0x0000000008004a4e                HAL_PCD_SOFCallback
 .text.HAL_PCD_ResetCallback
                0x0000000008004a56       0x24 USB_DEVICE/Target/usbd_conf.o
                0x0000000008004a56                HAL_PCD_ResetCallback
 *fill*         0x0000000008004a7a        0x2 
 .text.HAL_PCD_SuspendCallback
                0x0000000008004a7c       0x20 USB_DEVICE/Target/usbd_conf.o
                0x0000000008004a7c                HAL_PCD_SuspendCallback
 .text.HAL_PCD_ResumeCallback
                0x0000000008004a9c        0x8 USB_DEVICE/Target/usbd_conf.o
                0x0000000008004a9c                HAL_PCD_ResumeCallback
 .text.USBD_LL_Init
                0x0000000008004aa4       0x84 USB_DEVICE/Target/usbd_conf.o
                0x0000000008004aa4                USBD_LL_Init
 .text.USBD_LL_Start
                0x0000000008004b28       0x1c USB_DEVICE/Target/usbd_conf.o
                0x0000000008004b28                USBD_LL_Start
 .text.USBD_LL_OpenEP
                0x0000000008004b44       0x20 USB_DEVICE/Target/usbd_conf.o
                0x0000000008004b44                USBD_LL_OpenEP
 .text.USBD_LL_CloseEP
                0x0000000008004b64       0x1c USB_DEVICE/Target/usbd_conf.o
                0x0000000008004b64                USBD_LL_CloseEP
 .text.USBD_LL_StallEP
                0x0000000008004b80       0x1c USB_DEVICE/Target/usbd_conf.o
                0x0000000008004b80                USBD_LL_StallEP
 .text.USBD_LL_ClearStallEP
                0x0000000008004b9c       0x1c USB_DEVICE/Target/usbd_conf.o
                0x0000000008004b9c                USBD_LL_ClearStallEP
 .text.USBD_LL_IsStallEP
                0x0000000008004bb8       0x24 USB_DEVICE/Target/usbd_conf.o
                0x0000000008004bb8                USBD_LL_IsStallEP
 .text.USBD_LL_SetUSBAddress
                0x0000000008004bdc       0x1c USB_DEVICE/Target/usbd_conf.o
                0x0000000008004bdc                USBD_LL_SetUSBAddress
 .text.USBD_LL_Transmit
                0x0000000008004bf8       0x1c USB_DEVICE/Target/usbd_conf.o
                0x0000000008004bf8                USBD_LL_Transmit
 .text.USBD_LL_PrepareReceive
                0x0000000008004c14       0x1c USB_DEVICE/Target/usbd_conf.o
                0x0000000008004c14                USBD_LL_PrepareReceive
 .text.USBD_LL_GetRxDataSize
                0x0000000008004c30        0x8 USB_DEVICE/Target/usbd_conf.o
                0x0000000008004c30                USBD_LL_GetRxDataSize
 .text.USBD_static_malloc
                0x0000000008004c38        0x8 USB_DEVICE/Target/usbd_conf.o
                0x0000000008004c38                USBD_static_malloc
 .text.USBD_static_free
                0x0000000008004c40        0x2 USB_DEVICE/Target/usbd_conf.o
                0x0000000008004c40                USBD_static_free
 .text.HAL_PCDEx_SetConnectionState
                0x0000000008004c42        0x2 USB_DEVICE/Target/usbd_conf.o
                0x0000000008004c42                HAL_PCDEx_SetConnectionState
 .text.__cxa_pure_virtual
                0x0000000008004c44        0x6 /Applications/STM32CubeIDE.app/Contents/Eclipse/plugins/com.st.stm32cube.ide.mcu.externaltools.gnu-tools-for-stm32.7-2018-q2-update.macos64_1.4.0.202007081208/tools/bin/../lib/gcc/arm-none-eabi/7.3.1/../../../../arm-none-eabi/lib/thumb/v7-m/libstdc++_nano.a(pure.o)
                0x0000000008004c44                __cxa_pure_virtual
 .text._ZN10__cxxabiv111__terminateEPFvvE
                0x0000000008004c4a        0x8 /Applications/STM32CubeIDE.app/Contents/Eclipse/plugins/com.st.stm32cube.ide.mcu.externaltools.gnu-tools-for-stm32.7-2018-q2-update.macos64_1.4.0.202007081208/tools/bin/../lib/gcc/arm-none-eabi/7.3.1/../../../../arm-none-eabi/lib/thumb/v7-m/libstdc++_nano.a(eh_terminate.o)
                0x0000000008004c4a                __cxxabiv1::__terminate(void (*)())
 *fill*         0x0000000008004c52        0x2 
 .text._ZSt13get_terminatev
                0x0000000008004c54       0x10 /Applications/STM32CubeIDE.app/Contents/Eclipse/plugins/com.st.stm32cube.ide.mcu.externaltools.gnu-tools-for-stm32.7-2018-q2-update.macos64_1.4.0.202007081208/tools/bin/../lib/gcc/arm-none-eabi/7.3.1/../../../../arm-none-eabi/lib/thumb/v7-m/libstdc++_nano.a(eh_terminate.o)
                0x0000000008004c54                std::get_terminate()
 .text._ZSt9terminatev
                0x0000000008004c64        0xa /Applications/STM32CubeIDE.app/Contents/Eclipse/plugins/com.st.stm32cube.ide.mcu.externaltools.gnu-tools-for-stm32.7-2018-q2-update.macos64_1.4.0.202007081208/tools/bin/../lib/gcc/arm-none-eabi/7.3.1/../../../../arm-none-eabi/lib/thumb/v7-m/libstdc++_nano.a(eh_terminate.o)
                0x0000000008004c64                std::terminate()
 .text.abort    0x0000000008004c6e        0xe /Applications/STM32CubeIDE.app/Contents/Eclipse/plugins/com.st.stm32cube.ide.mcu.externaltools.gnu-tools-for-stm32.7-2018-q2-update.macos64_1.4.0.202007081208/tools/bin/../lib/gcc/arm-none-eabi/7.3.1/../../../../arm-none-eabi/lib/thumb/v7-m/libc_nano.a(lib_a-abort.o)
                0x0000000008004c6e                abort
 .text.__errno  0x0000000008004c7c        0xc /Applications/STM32CubeIDE.app/Contents/Eclipse/plugins/com.st.stm32cube.ide.mcu.externaltools.gnu-tools-for-stm32.7-2018-q2-update.macos64_1.4.0.202007081208/tools/bin/../lib/gcc/arm-none-eabi/7.3.1/../../../../arm-none-eabi/lib/thumb/v7-m/libc_nano.a(lib_a-errno.o)
                0x0000000008004c7c                __errno
 .text.__libc_init_array
                0x0000000008004c88       0x48 /Applications/STM32CubeIDE.app/Contents/Eclipse/plugins/com.st.stm32cube.ide.mcu.externaltools.gnu-tools-for-stm32.7-2018-q2-update.macos64_1.4.0.202007081208/tools/bin/../lib/gcc/arm-none-eabi/7.3.1/../../../../arm-none-eabi/lib/thumb/v7-m/libc_nano.a(lib_a-init.o)
                0x0000000008004c88                __libc_init_array
 .text.memcpy   0x0000000008004cd0       0x16 /Applications/STM32CubeIDE.app/Contents/Eclipse/plugins/com.st.stm32cube.ide.mcu.externaltools.gnu-tools-for-stm32.7-2018-q2-update.macos64_1.4.0.202007081208/tools/bin/../lib/gcc/arm-none-eabi/7.3.1/../../../../arm-none-eabi/lib/thumb/v7-m/libc_nano.a(lib_a-memcpy-stub.o)
                0x0000000008004cd0                memcpy
 .text.memset   0x0000000008004ce6       0x10 /Applications/STM32CubeIDE.app/Contents/Eclipse/plugins/com.st.stm32cube.ide.mcu.externaltools.gnu-tools-for-stm32.7-2018-q2-update.macos64_1.4.0.202007081208/tools/bin/../lib/gcc/arm-none-eabi/7.3.1/../../../../arm-none-eabi/lib/thumb/v7-m/libc_nano.a(lib_a-memset.o)
                0x0000000008004ce6                memset
 .text.__cvt    0x0000000008004cf6       0xb8 /Applications/STM32CubeIDE.app/Contents/Eclipse/plugins/com.st.stm32cube.ide.mcu.externaltools.gnu-tools-for-stm32.7-2018-q2-update.macos64_1.4.0.202007081208/tools/bin/../lib/gcc/arm-none-eabi/7.3.1/../../../../arm-none-eabi/lib/thumb/v7-m/libc_nano.a(lib_a-nano-vfprintf_float.o)
                0x0000000008004cf6                __cvt
 .text.__exponent
                0x0000000008004dae       0x6a /Applications/STM32CubeIDE.app/Contents/Eclipse/plugins/com.st.stm32cube.ide.mcu.externaltools.gnu-tools-for-stm32.7-2018-q2-update.macos64_1.4.0.202007081208/tools/bin/../lib/gcc/arm-none-eabi/7.3.1/../../../../arm-none-eabi/lib/thumb/v7-m/libc_nano.a(lib_a-nano-vfprintf_float.o)
                0x0000000008004dae                __exponent
 .text._printf_float
                0x0000000008004e18      0x46c /Applications/STM32CubeIDE.app/Contents/Eclipse/plugins/com.st.stm32cube.ide.mcu.externaltools.gnu-tools-for-stm32.7-2018-q2-update.macos64_1.4.0.202007081208/tools/bin/../lib/gcc/arm-none-eabi/7.3.1/../../../../arm-none-eabi/lib/thumb/v7-m/libc_nano.a(lib_a-nano-vfprintf_float.o)
                0x0000000008004e18                _printf_float
 .text._printf_common
                0x0000000008005284       0xec /Applications/STM32CubeIDE.app/Contents/Eclipse/plugins/com.st.stm32cube.ide.mcu.externaltools.gnu-tools-for-stm32.7-2018-q2-update.macos64_1.4.0.202007081208/tools/bin/../lib/gcc/arm-none-eabi/7.3.1/../../../../arm-none-eabi/lib/thumb/v7-m/libc_nano.a(lib_a-nano-vfprintf_i.o)
                0x0000000008005284                _printf_common
 .text._printf_i
                0x0000000008005370      0x224 /Applications/STM32CubeIDE.app/Contents/Eclipse/plugins/com.st.stm32cube.ide.mcu.externaltools.gnu-tools-for-stm32.7-2018-q2-update.macos64_1.4.0.202007081208/tools/bin/../lib/gcc/arm-none-eabi/7.3.1/../../../../arm-none-eabi/lib/thumb/v7-m/libc_nano.a(lib_a-nano-vfprintf_i.o)
                0x0000000008005370                _printf_i
 .text._raise_r
                0x0000000008005594       0x50 /Applications/STM32CubeIDE.app/Contents/Eclipse/plugins/com.st.stm32cube.ide.mcu.externaltools.gnu-tools-for-stm32.7-2018-q2-update.macos64_1.4.0.202007081208/tools/bin/../lib/gcc/arm-none-eabi/7.3.1/../../../../arm-none-eabi/lib/thumb/v7-m/libc_nano.a(lib_a-signal.o)
                0x0000000008005594                _raise_r
 .text.raise    0x00000000080055e4       0x10 /Applications/STM32CubeIDE.app/Contents/Eclipse/plugins/com.st.stm32cube.ide.mcu.externaltools.gnu-tools-for-stm32.7-2018-q2-update.macos64_1.4.0.202007081208/tools/bin/../lib/gcc/arm-none-eabi/7.3.1/../../../../arm-none-eabi/lib/thumb/v7-m/libc_nano.a(lib_a-signal.o)
                0x00000000080055e4                raise
 .text._kill_r  0x00000000080055f4       0x24 /Applications/STM32CubeIDE.app/Contents/Eclipse/plugins/com.st.stm32cube.ide.mcu.externaltools.gnu-tools-for-stm32.7-2018-q2-update.macos64_1.4.0.202007081208/tools/bin/../lib/gcc/arm-none-eabi/7.3.1/../../../../arm-none-eabi/lib/thumb/v7-m/libc_nano.a(lib_a-signalr.o)
                0x00000000080055f4                _kill_r
 .text._getpid_r
                0x0000000008005618        0x4 /Applications/STM32CubeIDE.app/Contents/Eclipse/plugins/com.st.stm32cube.ide.mcu.externaltools.gnu-tools-for-stm32.7-2018-q2-update.macos64_1.4.0.202007081208/tools/bin/../lib/gcc/arm-none-eabi/7.3.1/../../../../arm-none-eabi/lib/thumb/v7-m/libc_nano.a(lib_a-signalr.o)
                0x0000000008005618                _getpid_r
 .text._vsprintf_r
                0x000000000800561c       0x2c /Applications/STM32CubeIDE.app/Contents/Eclipse/plugins/com.st.stm32cube.ide.mcu.externaltools.gnu-tools-for-stm32.7-2018-q2-update.macos64_1.4.0.202007081208/tools/bin/../lib/gcc/arm-none-eabi/7.3.1/../../../../arm-none-eabi/lib/thumb/v7-m/libc_nano.a(lib_a-vsprintf.o)
                0x000000000800561c                _vsiprintf_r
                0x000000000800561c                _vsprintf_r
 .text.vsprintf
                0x0000000008005648       0x14 /Applications/STM32CubeIDE.app/Contents/Eclipse/plugins/com.st.stm32cube.ide.mcu.externaltools.gnu-tools-for-stm32.7-2018-q2-update.macos64_1.4.0.202007081208/tools/bin/../lib/gcc/arm-none-eabi/7.3.1/../../../../arm-none-eabi/lib/thumb/v7-m/libc_nano.a(lib_a-vsprintf.o)
                0x0000000008005648                vsprintf
                0x0000000008005648                vsiprintf
 .text.quorem   0x000000000800565c      0x11c /Applications/STM32CubeIDE.app/Contents/Eclipse/plugins/com.st.stm32cube.ide.mcu.externaltools.gnu-tools-for-stm32.7-2018-q2-update.macos64_1.4.0.202007081208/tools/bin/../lib/gcc/arm-none-eabi/7.3.1/../../../../arm-none-eabi/lib/thumb/v7-m/libc_nano.a(lib_a-dtoa.o)
 .text._dtoa_r  0x0000000008005778      0xb68 /Applications/STM32CubeIDE.app/Contents/Eclipse/plugins/com.st.stm32cube.ide.mcu.externaltools.gnu-tools-for-stm32.7-2018-q2-update.macos64_1.4.0.202007081208/tools/bin/../lib/gcc/arm-none-eabi/7.3.1/../../../../arm-none-eabi/lib/thumb/v7-m/libc_nano.a(lib_a-dtoa.o)
                0x0000000008005778                _dtoa_r
 .text._localeconv_r
                0x00000000080062e0       0x1c /Applications/STM32CubeIDE.app/Contents/Eclipse/plugins/com.st.stm32cube.ide.mcu.externaltools.gnu-tools-for-stm32.7-2018-q2-update.macos64_1.4.0.202007081208/tools/bin/../lib/gcc/arm-none-eabi/7.3.1/../../../../arm-none-eabi/lib/thumb/v7-m/libc_nano.a(lib_a-localeconv.o)
                0x00000000080062e0                _localeconv_r
 .text.malloc   0x00000000080062fc       0x10 /Applications/STM32CubeIDE.app/Contents/Eclipse/plugins/com.st.stm32cube.ide.mcu.externaltools.gnu-tools-for-stm32.7-2018-q2-update.macos64_1.4.0.202007081208/tools/bin/../lib/gcc/arm-none-eabi/7.3.1/../../../../arm-none-eabi/lib/thumb/v7-m/libc_nano.a(lib_a-malloc.o)
                0x00000000080062fc                malloc
 .text.memchr   0x000000000800630c       0x1c /Applications/STM32CubeIDE.app/Contents/Eclipse/plugins/com.st.stm32cube.ide.mcu.externaltools.gnu-tools-for-stm32.7-2018-q2-update.macos64_1.4.0.202007081208/tools/bin/../lib/gcc/arm-none-eabi/7.3.1/../../../../arm-none-eabi/lib/thumb/v7-m/libc_nano.a(lib_a-memchr-stub.o)
                0x000000000800630c                memchr
 .text._Balloc  0x0000000008006328       0x68 /Applications/STM32CubeIDE.app/Contents/Eclipse/plugins/com.st.stm32cube.ide.mcu.externaltools.gnu-tools-for-stm32.7-2018-q2-update.macos64_1.4.0.202007081208/tools/bin/../lib/gcc/arm-none-eabi/7.3.1/../../../../arm-none-eabi/lib/thumb/v7-m/libc_nano.a(lib_a-mprec.o)
                0x0000000008006328                _Balloc
 .text._Bfree   0x0000000008006390       0x2e /Applications/STM32CubeIDE.app/Contents/Eclipse/plugins/com.st.stm32cube.ide.mcu.externaltools.gnu-tools-for-stm32.7-2018-q2-update.macos64_1.4.0.202007081208/tools/bin/../lib/gcc/arm-none-eabi/7.3.1/../../../../arm-none-eabi/lib/thumb/v7-m/libc_nano.a(lib_a-mprec.o)
                0x0000000008006390                _Bfree
 .text.__multadd
                0x00000000080063be       0x76 /Applications/STM32CubeIDE.app/Contents/Eclipse/plugins/com.st.stm32cube.ide.mcu.externaltools.gnu-tools-for-stm32.7-2018-q2-update.macos64_1.4.0.202007081208/tools/bin/../lib/gcc/arm-none-eabi/7.3.1/../../../../arm-none-eabi/lib/thumb/v7-m/libc_nano.a(lib_a-mprec.o)
                0x00000000080063be                __multadd
 .text.__hi0bits
                0x0000000008006434       0x3e /Applications/STM32CubeIDE.app/Contents/Eclipse/plugins/com.st.stm32cube.ide.mcu.externaltools.gnu-tools-for-stm32.7-2018-q2-update.macos64_1.4.0.202007081208/tools/bin/../lib/gcc/arm-none-eabi/7.3.1/../../../../arm-none-eabi/lib/thumb/v7-m/libc_nano.a(lib_a-mprec.o)
                0x0000000008006434                __hi0bits
 .text.__lo0bits
                0x0000000008006472       0x5e /Applications/STM32CubeIDE.app/Contents/Eclipse/plugins/com.st.stm32cube.ide.mcu.externaltools.gnu-tools-for-stm32.7-2018-q2-update.macos64_1.4.0.202007081208/tools/bin/../lib/gcc/arm-none-eabi/7.3.1/../../../../arm-none-eabi/lib/thumb/v7-m/libc_nano.a(lib_a-mprec.o)
                0x0000000008006472                __lo0bits
 .text.__i2b    0x00000000080064d0       0x12 /Applications/STM32CubeIDE.app/Contents/Eclipse/plugins/com.st.stm32cube.ide.mcu.externaltools.gnu-tools-for-stm32.7-2018-q2-update.macos64_1.4.0.202007081208/tools/bin/../lib/gcc/arm-none-eabi/7.3.1/../../../../arm-none-eabi/lib/thumb/v7-m/libc_nano.a(lib_a-mprec.o)
                0x00000000080064d0                __i2b
 .text.__multiply
                0x00000000080064e2      0x12a /Applications/STM32CubeIDE.app/Contents/Eclipse/plugins/com.st.stm32cube.ide.mcu.externaltools.gnu-tools-for-stm32.7-2018-q2-update.macos64_1.4.0.202007081208/tools/bin/../lib/gcc/arm-none-eabi/7.3.1/../../../../arm-none-eabi/lib/thumb/v7-m/libc_nano.a(lib_a-mprec.o)
                0x00000000080064e2                __multiply
 .text.__pow5mult
                0x000000000800660c       0x9c /Applications/STM32CubeIDE.app/Contents/Eclipse/plugins/com.st.stm32cube.ide.mcu.externaltools.gnu-tools-for-stm32.7-2018-q2-update.macos64_1.4.0.202007081208/tools/bin/../lib/gcc/arm-none-eabi/7.3.1/../../../../arm-none-eabi/lib/thumb/v7-m/libc_nano.a(lib_a-mprec.o)
                0x000000000800660c                __pow5mult
 .text.__lshift
                0x00000000080066a8       0xa8 /Applications/STM32CubeIDE.app/Contents/Eclipse/plugins/com.st.stm32cube.ide.mcu.externaltools.gnu-tools-for-stm32.7-2018-q2-update.macos64_1.4.0.202007081208/tools/bin/../lib/gcc/arm-none-eabi/7.3.1/../../../../arm-none-eabi/lib/thumb/v7-m/libc_nano.a(lib_a-mprec.o)
                0x00000000080066a8                __lshift
 .text.__mcmp   0x0000000008006750       0x34 /Applications/STM32CubeIDE.app/Contents/Eclipse/plugins/com.st.stm32cube.ide.mcu.externaltools.gnu-tools-for-stm32.7-2018-q2-update.macos64_1.4.0.202007081208/tools/bin/../lib/gcc/arm-none-eabi/7.3.1/../../../../arm-none-eabi/lib/thumb/v7-m/libc_nano.a(lib_a-mprec.o)
                0x0000000008006750                __mcmp
 .text.__mdiff  0x0000000008006784       0xbc /Applications/STM32CubeIDE.app/Contents/Eclipse/plugins/com.st.stm32cube.ide.mcu.externaltools.gnu-tools-for-stm32.7-2018-q2-update.macos64_1.4.0.202007081208/tools/bin/../lib/gcc/arm-none-eabi/7.3.1/../../../../arm-none-eabi/lib/thumb/v7-m/libc_nano.a(lib_a-mprec.o)
                0x0000000008006784                __mdiff
 .text.__d2b    0x0000000008006840       0x9e /Applications/STM32CubeIDE.app/Contents/Eclipse/plugins/com.st.stm32cube.ide.mcu.externaltools.gnu-tools-for-stm32.7-2018-q2-update.macos64_1.4.0.202007081208/tools/bin/../lib/gcc/arm-none-eabi/7.3.1/../../../../arm-none-eabi/lib/thumb/v7-m/libc_nano.a(lib_a-mprec.o)
                0x0000000008006840                __d2b
 .text._calloc_r
                0x00000000080068de       0x1c /Applications/STM32CubeIDE.app/Contents/Eclipse/plugins/com.st.stm32cube.ide.mcu.externaltools.gnu-tools-for-stm32.7-2018-q2-update.macos64_1.4.0.202007081208/tools/bin/../lib/gcc/arm-none-eabi/7.3.1/../../../../arm-none-eabi/lib/thumb/v7-m/libc_nano.a(lib_a-nano-callocr.o)
                0x00000000080068de                _calloc_r
 *fill*         0x00000000080068fa        0x2 
 .text._free_r  0x00000000080068fc       0x98 /Applications/STM32CubeIDE.app/Contents/Eclipse/plugins/com.st.stm32cube.ide.mcu.externaltools.gnu-tools-for-stm32.7-2018-q2-update.macos64_1.4.0.202007081208/tools/bin/../lib/gcc/arm-none-eabi/7.3.1/../../../../arm-none-eabi/lib/thumb/v7-m/libc_nano.a(lib_a-nano-freer.o)
                0x00000000080068fc                _free_r
 .text._malloc_r
                0x0000000008006994       0xb4 /Applications/STM32CubeIDE.app/Contents/Eclipse/plugins/com.st.stm32cube.ide.mcu.externaltools.gnu-tools-for-stm32.7-2018-q2-update.macos64_1.4.0.202007081208/tools/bin/../lib/gcc/arm-none-eabi/7.3.1/../../../../arm-none-eabi/lib/thumb/v7-m/libc_nano.a(lib_a-nano-mallocr.o)
                0x0000000008006994                _malloc_r
 .text.__ssputs_r
                0x0000000008006a48       0xb4 /Applications/STM32CubeIDE.app/Contents/Eclipse/plugins/com.st.stm32cube.ide.mcu.externaltools.gnu-tools-for-stm32.7-2018-q2-update.macos64_1.4.0.202007081208/tools/bin/../lib/gcc/arm-none-eabi/7.3.1/../../../../arm-none-eabi/lib/thumb/v7-m/libc_nano.a(lib_a-nano-svfprintf.o)
                0x0000000008006a48                __ssputs_r
 .text._svfprintf_r
                0x0000000008006afc      0x1f0 /Applications/STM32CubeIDE.app/Contents/Eclipse/plugins/com.st.stm32cube.ide.mcu.externaltools.gnu-tools-for-stm32.7-2018-q2-update.macos64_1.4.0.202007081208/tools/bin/../lib/gcc/arm-none-eabi/7.3.1/../../../../arm-none-eabi/lib/thumb/v7-m/libc_nano.a(lib_a-nano-svfprintf.o)
                0x0000000008006afc                _svfprintf_r
                0x0000000008006afc                _svfiprintf_r
 .text._sbrk_r  0x0000000008006cec       0x20 /Applications/STM32CubeIDE.app/Contents/Eclipse/plugins/com.st.stm32cube.ide.mcu.externaltools.gnu-tools-for-stm32.7-2018-q2-update.macos64_1.4.0.202007081208/tools/bin/../lib/gcc/arm-none-eabi/7.3.1/../../../../arm-none-eabi/lib/thumb/v7-m/libc_nano.a(lib_a-sbrkr.o)
                0x0000000008006cec                _sbrk_r
 .text.__ascii_mbtowc
                0x0000000008006d0c       0x24 /Applications/STM32CubeIDE.app/Contents/Eclipse/plugins/com.st.stm32cube.ide.mcu.externaltools.gnu-tools-for-stm32.7-2018-q2-update.macos64_1.4.0.202007081208/tools/bin/../lib/gcc/arm-none-eabi/7.3.1/../../../../arm-none-eabi/lib/thumb/v7-m/libc_nano.a(lib_a-mbtowc_r.o)
                0x0000000008006d0c                __ascii_mbtowc
 .text.memmove  0x0000000008006d30       0x32 /Applications/STM32CubeIDE.app/Contents/Eclipse/plugins/com.st.stm32cube.ide.mcu.externaltools.gnu-tools-for-stm32.7-2018-q2-update.macos64_1.4.0.202007081208/tools/bin/../lib/gcc/arm-none-eabi/7.3.1/../../../../arm-none-eabi/lib/thumb/v7-m/libc_nano.a(lib_a-memmove.o)
                0x0000000008006d30                memmove
 .text.__malloc_lock
                0x0000000008006d62        0x2 /Applications/STM32CubeIDE.app/Contents/Eclipse/plugins/com.st.stm32cube.ide.mcu.externaltools.gnu-tools-for-stm32.7-2018-q2-update.macos64_1.4.0.202007081208/tools/bin/../lib/gcc/arm-none-eabi/7.3.1/../../../../arm-none-eabi/lib/thumb/v7-m/libc_nano.a(lib_a-mlock.o)
                0x0000000008006d62                __malloc_lock
 .text.__malloc_unlock
                0x0000000008006d64        0x2 /Applications/STM32CubeIDE.app/Contents/Eclipse/plugins/com.st.stm32cube.ide.mcu.externaltools.gnu-tools-for-stm32.7-2018-q2-update.macos64_1.4.0.202007081208/tools/bin/../lib/gcc/arm-none-eabi/7.3.1/../../../../arm-none-eabi/lib/thumb/v7-m/libc_nano.a(lib_a-mlock.o)
                0x0000000008006d64                __malloc_unlock
 .text._realloc_r
                0x0000000008006d66       0x4c /Applications/STM32CubeIDE.app/Contents/Eclipse/plugins/com.st.stm32cube.ide.mcu.externaltools.gnu-tools-for-stm32.7-2018-q2-update.macos64_1.4.0.202007081208/tools/bin/../lib/gcc/arm-none-eabi/7.3.1/../../../../arm-none-eabi/lib/thumb/v7-m/libc_nano.a(lib_a-nano-reallocr.o)
                0x0000000008006d66                _realloc_r
 .text.__ascii_wctomb
                0x0000000008006db2       0x1a /Applications/STM32CubeIDE.app/Contents/Eclipse/plugins/com.st.stm32cube.ide.mcu.externaltools.gnu-tools-for-stm32.7-2018-q2-update.macos64_1.4.0.202007081208/tools/bin/../lib/gcc/arm-none-eabi/7.3.1/../../../../arm-none-eabi/lib/thumb/v7-m/libc_nano.a(lib_a-wctomb_r.o)
                0x0000000008006db2                __ascii_wctomb
 .text._malloc_usable_size_r
                0x0000000008006dcc       0x10 /Applications/STM32CubeIDE.app/Contents/Eclipse/plugins/com.st.stm32cube.ide.mcu.externaltools.gnu-tools-for-stm32.7-2018-q2-update.macos64_1.4.0.202007081208/tools/bin/../lib/gcc/arm-none-eabi/7.3.1/../../../../arm-none-eabi/lib/thumb/v7-m/libc_nano.a(lib_a-nano-msizer.o)
                0x0000000008006dcc                _malloc_usable_size_r
 *(.glue_7)
 .glue_7        0x0000000008006ddc        0x0 linker stubs
 *(.glue_7t)
 .glue_7t       0x0000000008006ddc        0x0 linker stubs
 *(.eh_frame)
 .eh_frame      0x0000000008006ddc        0x0 /Applications/STM32CubeIDE.app/Contents/Eclipse/plugins/com.st.stm32cube.ide.mcu.externaltools.gnu-tools-for-stm32.7-2018-q2-update.macos64_1.4.0.202007081208/tools/bin/../lib/gcc/arm-none-eabi/7.3.1/thumb/v7-m/crtbegin.o
 *(.init)
 .init          0x0000000008006ddc        0x4 /Applications/STM32CubeIDE.app/Contents/Eclipse/plugins/com.st.stm32cube.ide.mcu.externaltools.gnu-tools-for-stm32.7-2018-q2-update.macos64_1.4.0.202007081208/tools/bin/../lib/gcc/arm-none-eabi/7.3.1/thumb/v7-m/crti.o
                0x0000000008006ddc                _init
 .init          0x0000000008006de0        0x8 /Applications/STM32CubeIDE.app/Contents/Eclipse/plugins/com.st.stm32cube.ide.mcu.externaltools.gnu-tools-for-stm32.7-2018-q2-update.macos64_1.4.0.202007081208/tools/bin/../lib/gcc/arm-none-eabi/7.3.1/thumb/v7-m/crtn.o
 *(.fini)
 .fini          0x0000000008006de8        0x4 /Applications/STM32CubeIDE.app/Contents/Eclipse/plugins/com.st.stm32cube.ide.mcu.externaltools.gnu-tools-for-stm32.7-2018-q2-update.macos64_1.4.0.202007081208/tools/bin/../lib/gcc/arm-none-eabi/7.3.1/thumb/v7-m/crti.o
                0x0000000008006de8                _fini
 .fini          0x0000000008006dec        0x8 /Applications/STM32CubeIDE.app/Contents/Eclipse/plugins/com.st.stm32cube.ide.mcu.externaltools.gnu-tools-for-stm32.7-2018-q2-update.macos64_1.4.0.202007081208/tools/bin/../lib/gcc/arm-none-eabi/7.3.1/thumb/v7-m/crtn.o
                0x0000000008006df4                . = ALIGN (0x4)
                0x0000000008006df4                _etext = .

.vfp11_veneer   0x0000000008006df4        0x0
 .vfp11_veneer  0x0000000008006df4        0x0 linker stubs

.v4_bx          0x0000000008006df4        0x0
 .v4_bx         0x0000000008006df4        0x0 linker stubs

.iplt           0x0000000008006df4        0x0
 .iplt          0x0000000008006df4        0x0 /Applications/STM32CubeIDE.app/Contents/Eclipse/plugins/com.st.stm32cube.ide.mcu.externaltools.gnu-tools-for-stm32.7-2018-q2-update.macos64_1.4.0.202007081208/tools/bin/../lib/gcc/arm-none-eabi/7.3.1/thumb/v7-m/crtbegin.o

.rodata         0x0000000008006df8      0x308
                0x0000000008006df8                . = ALIGN (0x4)
 *(.rodata)
 .rodata        0x0000000008006df8       0x10 Drivers/STM32F1xx_HAL_Driver/Src/stm32f1xx_hal_rcc.o
 *(.rodata*)
 .rodata._ZTV5Print
                0x0000000008006e08        0xc Core/Src/Print.o
                0x0000000008006e08                vtable for Print
 .rodata._ZTV3Usb
                0x0000000008006e14        0xc Core/Src/main.o
                0x0000000008006e14                vtable for Usb
 .rodata.main.str1.1
                0x0000000008006e20       0x25 Core/Src/main.o
 .rodata.AHBPrescTable
                0x0000000008006e45       0x10 Core/Src/system_stm32f1xx.o
                0x0000000008006e45                AHBPrescTable
 .rodata.APBPrescTable
                0x0000000008006e55        0x8 Core/Src/system_stm32f1xx.o
                0x0000000008006e55                APBPrescTable
 .rodata.USBD_FS_ConfigStrDescriptor.str1.1
                0x0000000008006e5d        0xb USB_DEVICE/App/usbd_desc.o
 .rodata.USBD_FS_InterfaceStrDescriptor.str1.1
                0x0000000008006e68        0xe USB_DEVICE/App/usbd_desc.o
 .rodata.USBD_FS_ManufacturerStrDescriptor.str1.1
                0x0000000008006e76       0x13 USB_DEVICE/App/usbd_desc.o
 .rodata.USBD_FS_ProductStrDescriptor.str1.1
                0x0000000008006e89       0x16 USB_DEVICE/App/usbd_desc.o
 .rodata.CSWTCH.3
                0x0000000008006e9f        0x4 USB_DEVICE/Target/usbd_conf.o
 .rodata._printf_float.str1.1
                0x0000000008006ea3       0x12 /Applications/STM32CubeIDE.app/Contents/Eclipse/plugins/com.st.stm32cube.ide.mcu.externaltools.gnu-tools-for-stm32.7-2018-q2-update.macos64_1.4.0.202007081208/tools/bin/../lib/gcc/arm-none-eabi/7.3.1/../../../../arm-none-eabi/lib/thumb/v7-m/libc_nano.a(lib_a-nano-vfprintf_float.o)
 .rodata._printf_i.str1.1
                0x0000000008006eb5       0x22 /Applications/STM32CubeIDE.app/Contents/Eclipse/plugins/com.st.stm32cube.ide.mcu.externaltools.gnu-tools-for-stm32.7-2018-q2-update.macos64_1.4.0.202007081208/tools/bin/../lib/gcc/arm-none-eabi/7.3.1/../../../../arm-none-eabi/lib/thumb/v7-m/libc_nano.a(lib_a-nano-vfprintf_i.o)
 .rodata._dtoa_r.str1.1
                0x0000000008006ed7        0xd /Applications/STM32CubeIDE.app/Contents/Eclipse/plugins/com.st.stm32cube.ide.mcu.externaltools.gnu-tools-for-stm32.7-2018-q2-update.macos64_1.4.0.202007081208/tools/bin/../lib/gcc/arm-none-eabi/7.3.1/../../../../arm-none-eabi/lib/thumb/v7-m/libc_nano.a(lib_a-dtoa.o)
                                          0xf (size before relaxing)
 *fill*         0x0000000008006ee4        0x4 
 .rodata.__mprec_bigtens
                0x0000000008006ee8       0x28 /Applications/STM32CubeIDE.app/Contents/Eclipse/plugins/com.st.stm32cube.ide.mcu.externaltools.gnu-tools-for-stm32.7-2018-q2-update.macos64_1.4.0.202007081208/tools/bin/../lib/gcc/arm-none-eabi/7.3.1/../../../../arm-none-eabi/lib/thumb/v7-m/libc_nano.a(lib_a-mprec.o)
                0x0000000008006ee8                __mprec_bigtens
 .rodata.__mprec_tens
                0x0000000008006f10       0xc8 /Applications/STM32CubeIDE.app/Contents/Eclipse/plugins/com.st.stm32cube.ide.mcu.externaltools.gnu-tools-for-stm32.7-2018-q2-update.macos64_1.4.0.202007081208/tools/bin/../lib/gcc/arm-none-eabi/7.3.1/../../../../arm-none-eabi/lib/thumb/v7-m/libc_nano.a(lib_a-mprec.o)
                0x0000000008006f10                __mprec_tens
 .rodata.p05.6084
                0x0000000008006fd8        0xc /Applications/STM32CubeIDE.app/Contents/Eclipse/plugins/com.st.stm32cube.ide.mcu.externaltools.gnu-tools-for-stm32.7-2018-q2-update.macos64_1.4.0.202007081208/tools/bin/../lib/gcc/arm-none-eabi/7.3.1/../../../../arm-none-eabi/lib/thumb/v7-m/libc_nano.a(lib_a-mprec.o)
 .rodata._svfprintf_r.str1.1
                0x0000000008006fe4       0x11 /Applications/STM32CubeIDE.app/Contents/Eclipse/plugins/com.st.stm32cube.ide.mcu.externaltools.gnu-tools-for-stm32.7-2018-q2-update.macos64_1.4.0.202007081208/tools/bin/../lib/gcc/arm-none-eabi/7.3.1/../../../../arm-none-eabi/lib/thumb/v7-m/libc_nano.a(lib_a-nano-svfprintf.o)
 .rodata._setlocale_r.str1.1
                0x0000000008006ff5        0x8 /Applications/STM32CubeIDE.app/Contents/Eclipse/plugins/com.st.stm32cube.ide.mcu.externaltools.gnu-tools-for-stm32.7-2018-q2-update.macos64_1.4.0.202007081208/tools/bin/../lib/gcc/arm-none-eabi/7.3.1/../../../../arm-none-eabi/lib/thumb/v7-m/libc_nano.a(lib_a-locale.o)
                                          0x9 (size before relaxing)
 .rodata.str1.1
                0x0000000008006ffd        0x2 /Applications/STM32CubeIDE.app/Contents/Eclipse/plugins/com.st.stm32cube.ide.mcu.externaltools.gnu-tools-for-stm32.7-2018-q2-update.macos64_1.4.0.202007081208/tools/bin/../lib/gcc/arm-none-eabi/7.3.1/../../../../arm-none-eabi/lib/thumb/v7-m/libc_nano.a(lib_a-locale.o)
 .rodata._ctype_
                0x0000000008006fff      0x101 /Applications/STM32CubeIDE.app/Contents/Eclipse/plugins/com.st.stm32cube.ide.mcu.externaltools.gnu-tools-for-stm32.7-2018-q2-update.macos64_1.4.0.202007081208/tools/bin/../lib/gcc/arm-none-eabi/7.3.1/../../../../arm-none-eabi/lib/thumb/v7-m/libc_nano.a(lib_a-ctype_.o)
                0x0000000008006fff                _ctype_
                0x0000000008007100                . = ALIGN (0x4)

.rel.dyn        0x0000000008007100        0x0
 .rel.iplt      0x0000000008007100        0x0 /Applications/STM32CubeIDE.app/Contents/Eclipse/plugins/com.st.stm32cube.ide.mcu.externaltools.gnu-tools-for-stm32.7-2018-q2-update.macos64_1.4.0.202007081208/tools/bin/../lib/gcc/arm-none-eabi/7.3.1/thumb/v7-m/crtbegin.o

.ARM.extab      0x0000000008007100        0x0
                0x0000000008007100                . = ALIGN (0x4)
 *(.ARM.extab* .gnu.linkonce.armextab.*)
                0x0000000008007100                . = ALIGN (0x4)

.ARM            0x0000000008007100        0x0
                0x0000000008007100                . = ALIGN (0x4)
                0x0000000008007100                __exidx_start = .
 *(.ARM.exidx*)
                0x0000000008007100                __exidx_end = .
                0x0000000008007100                . = ALIGN (0x4)

.preinit_array  0x0000000008007100        0x0
                0x0000000008007100                . = ALIGN (0x4)
                0x0000000008007100                PROVIDE (__preinit_array_start = .)
 *(.preinit_array*)
                0x0000000008007100                PROVIDE (__preinit_array_end = .)
                0x0000000008007100                . = ALIGN (0x4)

.init_array     0x0000000008007100        0x8
                0x0000000008007100                . = ALIGN (0x4)
                0x0000000008007100                PROVIDE (__init_array_start = .)
 *(SORT_BY_NAME(.init_array.*))
 *(.init_array*)
 .init_array    0x0000000008007100        0x4 /Applications/STM32CubeIDE.app/Contents/Eclipse/plugins/com.st.stm32cube.ide.mcu.externaltools.gnu-tools-for-stm32.7-2018-q2-update.macos64_1.4.0.202007081208/tools/bin/../lib/gcc/arm-none-eabi/7.3.1/thumb/v7-m/crtbegin.o
 .init_array    0x0000000008007104        0x4 Core/Src/main.o
                0x0000000008007108                PROVIDE (__init_array_end = .)
                0x0000000008007108                . = ALIGN (0x4)

.fini_array     0x0000000008007108        0x4
                0x0000000008007108                . = ALIGN (0x4)
                [!provide]                        PROVIDE (__fini_array_start = .)
 *(SORT_BY_NAME(.fini_array.*))
 *(.fini_array*)
 .fini_array    0x0000000008007108        0x4 /Applications/STM32CubeIDE.app/Contents/Eclipse/plugins/com.st.stm32cube.ide.mcu.externaltools.gnu-tools-for-stm32.7-2018-q2-update.macos64_1.4.0.202007081208/tools/bin/../lib/gcc/arm-none-eabi/7.3.1/thumb/v7-m/crtbegin.o
                [!provide]                        PROVIDE (__fini_array_end = .)
                0x000000000800710c                . = ALIGN (0x4)
                0x000000000800710c                _sidata = LOADADDR (.data)

.data           0x0000000020000000      0x350 load address 0x000000000800710c
                0x0000000020000000                . = ALIGN (0x4)
                0x0000000020000000                _sdata = .
 *(.data)
 *(.data*)
 .data.SystemCoreClock
                0x0000000020000000        0x4 Core/Src/system_stm32f1xx.o
                0x0000000020000000                SystemCoreClock
 .data.uwTickFreq
                0x0000000020000004        0x1 Drivers/STM32F1xx_HAL_Driver/Src/stm32f1xx_hal.o
                0x0000000020000004                uwTickFreq
 *fill*         0x0000000020000005        0x3 
 .data.uwTickPrio
                0x0000000020000008        0x4 Drivers/STM32F1xx_HAL_Driver/Src/stm32f1xx_hal.o
                0x0000000020000008                uwTickPrio
 .data.USBD_CDC
                0x000000002000000c       0x38 Middlewares/ST/STM32_USB_Device_Library/Class/CDC/Src/usbd_cdc.o
                0x000000002000000c                USBD_CDC
 .data.USBD_CDC_CfgFSDesc
                0x0000000020000044       0x43 Middlewares/ST/STM32_USB_Device_Library/Class/CDC/Src/usbd_cdc.o
                0x0000000020000044                USBD_CDC_CfgFSDesc
 *fill*         0x0000000020000087        0x1 
 .data.USBD_CDC_CfgHSDesc
                0x0000000020000088       0x43 Middlewares/ST/STM32_USB_Device_Library/Class/CDC/Src/usbd_cdc.o
                0x0000000020000088                USBD_CDC_CfgHSDesc
 *fill*         0x00000000200000cb        0x1 
 .data.USBD_CDC_DeviceQualifierDesc
                0x00000000200000cc        0xa Middlewares/ST/STM32_USB_Device_Library/Class/CDC/Src/usbd_cdc.o
 *fill*         0x00000000200000d6        0x2 
 .data.USBD_CDC_OtherSpeedCfgDesc
                0x00000000200000d8       0x43 Middlewares/ST/STM32_USB_Device_Library/Class/CDC/Src/usbd_cdc.o
                0x00000000200000d8                USBD_CDC_OtherSpeedCfgDesc
 *fill*         0x000000002000011b        0x1 
 .data.USBD_Interface_fops_FS
                0x000000002000011c       0x10 USB_DEVICE/App/usbd_cdc_if.o
                0x000000002000011c                USBD_Interface_fops_FS
 .data.FS_Desc  0x000000002000012c       0x1c USB_DEVICE/App/usbd_desc.o
                0x000000002000012c                FS_Desc
 .data.USBD_FS_DeviceDesc
                0x0000000020000148       0x12 USB_DEVICE/App/usbd_desc.o
                0x0000000020000148                USBD_FS_DeviceDesc
 *fill*         0x000000002000015a        0x2 
 .data.USBD_LangIDDesc
                0x000000002000015c        0x4 USB_DEVICE/App/usbd_desc.o
                0x000000002000015c                USBD_LangIDDesc
 .data.USBD_StringSerial
                0x0000000020000160       0x1a USB_DEVICE/App/usbd_desc.o
                0x0000000020000160                USBD_StringSerial
 *fill*         0x000000002000017a        0x2 
 .data._ZN10__cxxabiv119__terminate_handlerE
                0x000000002000017c        0x4 /Applications/STM32CubeIDE.app/Contents/Eclipse/plugins/com.st.stm32cube.ide.mcu.externaltools.gnu-tools-for-stm32.7-2018-q2-update.macos64_1.4.0.202007081208/tools/bin/../lib/gcc/arm-none-eabi/7.3.1/../../../../arm-none-eabi/lib/thumb/v7-m/libstdc++_nano.a(eh_term_handler.o)
                0x000000002000017c                __cxxabiv1::__terminate_handler
 .data._impure_ptr
                0x0000000020000180        0x4 /Applications/STM32CubeIDE.app/Contents/Eclipse/plugins/com.st.stm32cube.ide.mcu.externaltools.gnu-tools-for-stm32.7-2018-q2-update.macos64_1.4.0.202007081208/tools/bin/../lib/gcc/arm-none-eabi/7.3.1/../../../../arm-none-eabi/lib/thumb/v7-m/libc_nano.a(lib_a-impure.o)
                0x0000000020000180                _impure_ptr
 .data.impure_data
                0x0000000020000184       0x60 /Applications/STM32CubeIDE.app/Contents/Eclipse/plugins/com.st.stm32cube.ide.mcu.externaltools.gnu-tools-for-stm32.7-2018-q2-update.macos64_1.4.0.202007081208/tools/bin/../lib/gcc/arm-none-eabi/7.3.1/../../../../arm-none-eabi/lib/thumb/v7-m/libc_nano.a(lib_a-impure.o)
 .data.__global_locale
                0x00000000200001e4      0x16c /Applications/STM32CubeIDE.app/Contents/Eclipse/plugins/com.st.stm32cube.ide.mcu.externaltools.gnu-tools-for-stm32.7-2018-q2-update.macos64_1.4.0.202007081208/tools/bin/../lib/gcc/arm-none-eabi/7.3.1/../../../../arm-none-eabi/lib/thumb/v7-m/libc_nano.a(lib_a-locale.o)
                0x00000000200001e4                __global_locale
                0x0000000020000350                . = ALIGN (0x4)
                0x0000000020000350                _edata = .

.igot.plt       0x0000000020000350        0x0 load address 0x000000000800745c
 .igot.plt      0x0000000020000350        0x0 /Applications/STM32CubeIDE.app/Contents/Eclipse/plugins/com.st.stm32cube.ide.mcu.externaltools.gnu-tools-for-stm32.7-2018-q2-update.macos64_1.4.0.202007081208/tools/bin/../lib/gcc/arm-none-eabi/7.3.1/thumb/v7-m/crtbegin.o
                0x0000000020000350                . = ALIGN (0x4)

.bss            0x0000000020000350     0x12a8 load address 0x000000000800745c
                0x0000000020000350                _sbss = .
                0x0000000020000350                __bss_start__ = _sbss
 *(.bss)
 .bss           0x0000000020000350       0x1c /Applications/STM32CubeIDE.app/Contents/Eclipse/plugins/com.st.stm32cube.ide.mcu.externaltools.gnu-tools-for-stm32.7-2018-q2-update.macos64_1.4.0.202007081208/tools/bin/../lib/gcc/arm-none-eabi/7.3.1/thumb/v7-m/crtbegin.o
 *(.bss*)
 .bss.clock_config
                0x000000002000036c       0x14 Core/Src/OneWire.o
 .bss.freq_pclk1
                0x0000000020000380        0x4 Core/Src/OneWire.o
 .bss.latency   0x0000000020000384        0x4 Core/Src/OneWire.o
 .bss.timer     0x0000000020000388       0x48 Core/Src/OneWire.o
 .bss.val_prescaler
                0x00000000200003d0        0x2 Core/Src/OneWire.o
 .bss.DS_ROM    0x00000000200003d2        0x8 Core/Src/main.o
                0x00000000200003d2                DS_ROM
 *fill*         0x00000000200003da        0x2 
 .bss.OW        0x00000000200003dc       0x14 Core/Src/main.o
                0x00000000200003dc                OW
 .bss.htim2     0x00000000200003f0       0x48 Core/Src/main.o
                0x00000000200003f0                htim2
 .bss.temp      0x0000000020000438        0x4 Core/Src/main.o
                0x0000000020000438                temp
 .bss.usb       0x000000002000043c        0x4 Core/Src/main.o
                0x000000002000043c                usb
 .bss.__sbrk_heap_end
                0x0000000020000440        0x4 Core/Src/sysmem.o
 .bss.cfgidx.8157
                0x0000000020000444        0x1 Middlewares/ST/STM32_USB_Device_Library/Core/Src/usbd_ctlreq.o
 *fill*         0x0000000020000445        0x3 
 .bss.mem.8225  0x0000000020000448      0x220 USB_DEVICE/Target/usbd_conf.o
 .bss.__malloc_free_list
                0x0000000020000668        0x4 /Applications/STM32CubeIDE.app/Contents/Eclipse/plugins/com.st.stm32cube.ide.mcu.externaltools.gnu-tools-for-stm32.7-2018-q2-update.macos64_1.4.0.202007081208/tools/bin/../lib/gcc/arm-none-eabi/7.3.1/../../../../arm-none-eabi/lib/thumb/v7-m/libc_nano.a(lib_a-nano-mallocr.o)
                0x0000000020000668                __malloc_free_list
 .bss.__malloc_sbrk_start
                0x000000002000066c        0x4 /Applications/STM32CubeIDE.app/Contents/Eclipse/plugins/com.st.stm32cube.ide.mcu.externaltools.gnu-tools-for-stm32.7-2018-q2-update.macos64_1.4.0.202007081208/tools/bin/../lib/gcc/arm-none-eabi/7.3.1/../../../../arm-none-eabi/lib/thumb/v7-m/libc_nano.a(lib_a-nano-mallocr.o)
                0x000000002000066c                __malloc_sbrk_start
 *(COMMON)
 COMMON         0x0000000020000670        0x4 Drivers/STM32F1xx_HAL_Driver/Src/stm32f1xx_hal.o
                0x0000000020000670                uwTick
 COMMON         0x0000000020000674      0x2c4 USB_DEVICE/App/usb_device.o
                0x0000000020000674                hUsbDeviceFS
 COMMON         0x0000000020000938      0x7d0 USB_DEVICE/App/usbd_cdc_if.o
                0x0000000020000938                UserRxBufferFS
                0x0000000020000d20                UserTxBufferFS
 COMMON         0x0000000020001108      0x200 USB_DEVICE/App/usbd_desc.o
                0x0000000020001108                USBD_StrDesc
 COMMON         0x0000000020001308      0x2ec USB_DEVICE/Target/usbd_conf.o
                0x0000000020001308                hpcd_USB_FS
 COMMON         0x00000000200015f4        0x4 /Applications/STM32CubeIDE.app/Contents/Eclipse/plugins/com.st.stm32cube.ide.mcu.externaltools.gnu-tools-for-stm32.7-2018-q2-update.macos64_1.4.0.202007081208/tools/bin/../lib/gcc/arm-none-eabi/7.3.1/../../../../arm-none-eabi/lib/thumb/v7-m/libc_nano.a(lib_a-reent.o)
                0x00000000200015f4                errno
                0x00000000200015f8                . = ALIGN (0x4)
                0x00000000200015f8                _ebss = .
                0x00000000200015f8                __bss_end__ = _ebss

._user_heap_stack
                0x00000000200015f8      0x800 load address 0x000000000800745c
                0x00000000200015f8                . = ALIGN (0x8)
                [!provide]                        PROVIDE (end = .)
                0x00000000200015f8                PROVIDE (_end = .)
                0x00000000200019f8                . = (. + _Min_Heap_Size)
 *fill*         0x00000000200015f8      0x400 
                0x0000000020001df8                . = (. + _Min_Stack_Size)
 *fill*         0x00000000200019f8      0x400 
                0x0000000020001df8                . = ALIGN (0x8)

/DISCARD/
 libc.a(*)
 libm.a(*)
 libgcc.a(*)

.ARM.attributes
                0x0000000000000000       0x29
 *(.ARM.attributes)
 .ARM.attributes
                0x0000000000000000       0x1d /Applications/STM32CubeIDE.app/Contents/Eclipse/plugins/com.st.stm32cube.ide.mcu.externaltools.gnu-tools-for-stm32.7-2018-q2-update.macos64_1.4.0.202007081208/tools/bin/../lib/gcc/arm-none-eabi/7.3.1/thumb/v7-m/crti.o
 .ARM.attributes
                0x000000000000001d       0x2d /Applications/STM32CubeIDE.app/Contents/Eclipse/plugins/com.st.stm32cube.ide.mcu.externaltools.gnu-tools-for-stm32.7-2018-q2-update.macos64_1.4.0.202007081208/tools/bin/../lib/gcc/arm-none-eabi/7.3.1/thumb/v7-m/crtbegin.o
 .ARM.attributes
                0x000000000000004a       0x33 Core/Src/DS18B20.o
 .ARM.attributes
                0x000000000000007d       0x33 Core/Src/OneWire.o
 .ARM.attributes
                0x00000000000000b0       0x33 Core/Src/Print.o
 .ARM.attributes
                0x00000000000000e3       0x33 Core/Src/main.o
 .ARM.attributes
                0x0000000000000116       0x33 Core/Src/stm32f1xx_hal_msp.o
 .ARM.attributes
                0x0000000000000149       0x33 Core/Src/stm32f1xx_it.o
 .ARM.attributes
                0x000000000000017c       0x33 Core/Src/syscalls.o
 .ARM.attributes
                0x00000000000001af       0x33 Core/Src/sysmem.o
 .ARM.attributes
                0x00000000000001e2       0x33 Core/Src/system_stm32f1xx.o
 .ARM.attributes
                0x0000000000000215       0x21 Core/Startup/startup_stm32f103c8tx.o
 .ARM.attributes
                0x0000000000000236       0x33 Drivers/STM32F1xx_HAL_Driver/Src/stm32f1xx_hal.o
 .ARM.attributes
                0x0000000000000269       0x33 Drivers/STM32F1xx_HAL_Driver/Src/stm32f1xx_hal_cortex.o
 .ARM.attributes
                0x000000000000029c       0x33 Drivers/STM32F1xx_HAL_Driver/Src/stm32f1xx_hal_gpio.o
 .ARM.attributes
                0x00000000000002cf       0x33 Drivers/STM32F1xx_HAL_Driver/Src/stm32f1xx_hal_pcd.o
 .ARM.attributes
                0x0000000000000302       0x33 Drivers/STM32F1xx_HAL_Driver/Src/stm32f1xx_hal_pcd_ex.o
 .ARM.attributes
                0x0000000000000335       0x33 Drivers/STM32F1xx_HAL_Driver/Src/stm32f1xx_hal_rcc.o
 .ARM.attributes
                0x0000000000000368       0x33 Drivers/STM32F1xx_HAL_Driver/Src/stm32f1xx_hal_rcc_ex.o
 .ARM.attributes
                0x000000000000039b       0x33 Drivers/STM32F1xx_HAL_Driver/Src/stm32f1xx_hal_tim.o
 .ARM.attributes
                0x00000000000003ce       0x33 Drivers/STM32F1xx_HAL_Driver/Src/stm32f1xx_hal_tim_ex.o
 .ARM.attributes
                0x0000000000000401       0x33 Drivers/STM32F1xx_HAL_Driver/Src/stm32f1xx_ll_usb.o
 .ARM.attributes
                0x0000000000000434       0x33 Middlewares/ST/STM32_USB_Device_Library/Class/CDC/Src/usbd_cdc.o
 .ARM.attributes
                0x0000000000000467       0x33 Middlewares/ST/STM32_USB_Device_Library/Core/Src/usbd_core.o
 .ARM.attributes
                0x000000000000049a       0x33 Middlewares/ST/STM32_USB_Device_Library/Core/Src/usbd_ctlreq.o
 .ARM.attributes
                0x00000000000004cd       0x33 Middlewares/ST/STM32_USB_Device_Library/Core/Src/usbd_ioreq.o
 .ARM.attributes
                0x0000000000000500       0x33 USB_DEVICE/App/usb_device.o
 .ARM.attributes
                0x0000000000000533       0x33 USB_DEVICE/App/usbd_cdc_if.o
 .ARM.attributes
                0x0000000000000566       0x33 USB_DEVICE/App/usbd_desc.o
 .ARM.attributes
                0x0000000000000599       0x33 USB_DEVICE/Target/usbd_conf.o
 .ARM.attributes
                0x00000000000005cc       0x2d /Applications/STM32CubeIDE.app/Contents/Eclipse/plugins/com.st.stm32cube.ide.mcu.externaltools.gnu-tools-for-stm32.7-2018-q2-update.macos64_1.4.0.202007081208/tools/bin/../lib/gcc/arm-none-eabi/7.3.1/../../../../arm-none-eabi/lib/thumb/v7-m/libstdc++_nano.a(pure.o)
 .ARM.attributes
                0x00000000000005f9       0x2d /Applications/STM32CubeIDE.app/Contents/Eclipse/plugins/com.st.stm32cube.ide.mcu.externaltools.gnu-tools-for-stm32.7-2018-q2-update.macos64_1.4.0.202007081208/tools/bin/../lib/gcc/arm-none-eabi/7.3.1/../../../../arm-none-eabi/lib/thumb/v7-m/libstdc++_nano.a(eh_terminate.o)
 .ARM.attributes
                0x0000000000000626       0x2d /Applications/STM32CubeIDE.app/Contents/Eclipse/plugins/com.st.stm32cube.ide.mcu.externaltools.gnu-tools-for-stm32.7-2018-q2-update.macos64_1.4.0.202007081208/tools/bin/../lib/gcc/arm-none-eabi/7.3.1/../../../../arm-none-eabi/lib/thumb/v7-m/libstdc++_nano.a(eh_term_handler.o)
 .ARM.attributes
                0x0000000000000653       0x2d /Applications/STM32CubeIDE.app/Contents/Eclipse/plugins/com.st.stm32cube.ide.mcu.externaltools.gnu-tools-for-stm32.7-2018-q2-update.macos64_1.4.0.202007081208/tools/bin/../lib/gcc/arm-none-eabi/7.3.1/../../../../arm-none-eabi/lib/thumb/v7-m/libc_nano.a(lib_a-abort.o)
 .ARM.attributes
                0x0000000000000680       0x2d /Applications/STM32CubeIDE.app/Contents/Eclipse/plugins/com.st.stm32cube.ide.mcu.externaltools.gnu-tools-for-stm32.7-2018-q2-update.macos64_1.4.0.202007081208/tools/bin/../lib/gcc/arm-none-eabi/7.3.1/../../../../arm-none-eabi/lib/thumb/v7-m/libc_nano.a(lib_a-errno.o)
 .ARM.attributes