OneWire.c:23:6:micros	0	static
OneWire.c:63:6:OneWire_Low	0	static
OneWire.c:67:6:OneWire_High	0	static
OneWire.c:71:6:OneWire_Input	24	static
OneWire.c:82:6:OneWire_Output	24	static
OneWire.c:94:6:OneWire_Init	40	static
OneWire.c:114:9:OneWire_Reset	8	static
OneWire.c:137:6:OneWire_WriteBit	8	static
OneWire.c:169:9:OneWire_ReadBit	8	static
OneWire.c:196:6:OneWire_WriteByte	16	static
OneWire.c:208:9:OneWire_ReadByte	16	static
OneWire.c:235:6:OneWire_ResetSearch	0	static
OneWire.c:243:9:OneWire_Search	32	static
OneWire.c:220:9:OneWire_First	0	static
OneWire.c:229:9:OneWire_Next	0	static
OneWire.c:377:5:OneWire_Verify	40	static
OneWire.c:424:6:OneWire_TargetSetup	0	static
OneWire.c:440:6:OneWire_FamilySkipSetup	0	static
OneWire.c:453:9:OneWire_GetROM	0	static
OneWire.c:458:6:OneWire_Select	16	static
OneWire.c:469:6:OneWire_SelectWithPointer	0	static
OneWire.c:480:6:OneWire_GetFullROM	0	static
OneWire.c:489:9:OneWire_CRC8	12	static
