tm_stm32_ds18b20.c:28:9:DS18B20_Start	16	static
tm_stm32_ds18b20.c:46:6:DS18B20_StartAll	8	static
tm_stm32_ds18b20.c:56:9:DS18B20_Read	40	static
tm_stm32_ds18b20.c:173:9:DS18B20_GetResolution	16	static
tm_stm32_ds18b20.c:202:9:DS18B20_SetResolution	32	static
tm_stm32_ds18b20.c:272:9:DS18B20_Is	0	static
tm_stm32_ds18b20.c:282:9:DS18B20_SetAlarmLowTemperature	24	static
tm_stm32_ds18b20.c:337:9:DS18B20_SetAlarmHighTemperature	24	static
tm_stm32_ds18b20.c:392:9:DS18B20_DisableAlarmTemperature	16	static
tm_stm32_ds18b20.c:439:9:DS18B20_AlarmSearch	0	static
tm_stm32_ds18b20.c:445:9:DS18B20_AllDone	0	static
