tm_stm32_onewire.c:39:6:micros	0	static
tm_stm32_onewire.c:79:6:OneWire_Low	0	static
tm_stm32_onewire.c:83:6:OneWire_High	0	static
tm_stm32_onewire.c:87:6:OneWire_Input	24	static
tm_stm32_onewire.c:98:6:OneWire_Output	24	static
tm_stm32_onewire.c:110:6:OneWire_Init	40	static
tm_stm32_onewire.c:130:9:OneWire_Reset	8	static
tm_stm32_onewire.c:153:6:OneWire_WriteBit	8	static
tm_stm32_onewire.c:185:9:OneWire_ReadBit	8	static
tm_stm32_onewire.c:212:6:OneWire_WriteByte	16	static
tm_stm32_onewire.c:224:9:OneWire_ReadByte	16	static
tm_stm32_onewire.c:251:6:OneWire_ResetSearch	0	static
tm_stm32_onewire.c:259:9:OneWire_Search	32	static
tm_stm32_onewire.c:236:9:OneWire_First	0	static
tm_stm32_onewire.c:245:9:OneWire_Next	0	static
tm_stm32_onewire.c:393:5:OneWire_Verify	40	static
tm_stm32_onewire.c:440:6:OneWire_TargetSetup	0	static
tm_stm32_onewire.c:456:6:OneWire_FamilySkipSetup	0	static
tm_stm32_onewire.c:469:9:OneWire_GetROM	0	static
tm_stm32_onewire.c:474:6:OneWire_Select	16	static
tm_stm32_onewire.c:485:6:OneWire_SelectWithPointer	0	static
tm_stm32_onewire.c:496:6:OneWire_GetFullROM	0	static
tm_stm32_onewire.c:505:9:OneWire_CRC8	12	static
